Component: ARM Compiler 5.06 update 6 (build 750) Tool: armlink [4d35ed]

==============================================================================

Section Cross References

    main.o(i.FFT_task) refers to noretval__2printf.o(.text) for __2printf
    main.o(i.FFT_task) refers to port.o(i.vPortEnterCritical) for vPortEnterCritical
    main.o(i.FFT_task) refers to dsp.o(i.InitBufInArray) for InitBufInArray
    main.o(i.FFT_task) refers to cr4_fft_256_stm32.o(.text) for cr4_fft_256_stm32
    main.o(i.FFT_task) refers to dsp.o(i.GetPowerMag) for GetPowerMag
    main.o(i.FFT_task) refers to port.o(i.vPortExitCritical) for vPortExitCritical
    main.o(i.FFT_task) refers to queue.o(i.xQueueGenericSend) for xQueueGenericSend
    main.o(i.FFT_task) refers to delay.o(i.delay_ms) for delay_ms
    main.o(i.FFT_task) refers to dsp.o(.bss) for lBufInArray
    main.o(i.FFT_task) refers to main.o(.data) for OLED_Semaphore
    main.o(i.led0_task) refers to tasks.o(i.vTaskDelay) for vTaskDelay
    main.o(i.led1_task) refers to tasks.o(i.vTaskDelay) for vTaskDelay
    main.o(i.main) refers to misc.o(i.NVIC_PriorityGroupConfig) for NVIC_PriorityGroupConfig
    main.o(i.main) refers to timer.o(i.AllClock_Init) for AllClock_Init
    main.o(i.main) refers to timer.o(i.ALL_NVIC_Configuration) for ALL_NVIC_Configuration
    main.o(i.main) refers to delay.o(i.delay_init) for delay_init
    main.o(i.main) refers to usart.o(i.uart_init) for uart_init
    main.o(i.main) refers to led.o(i.LED_Init) for LED_Init
    main.o(i.main) refers to oled.o(i.OLED_Init) for OLED_Init
    main.o(i.main) refers to oled.o(i.OLED_Clear) for OLED_Clear
    main.o(i.main) refers to oled.o(i.OLED_Set_Pos) for OLED_Set_Pos
    main.o(i.main) refers to oled.o(i.OLED_WR_Byte) for OLED_WR_Byte
    main.o(i.main) refers to tasks.o(i.xTaskCreate) for xTaskCreate
    main.o(i.main) refers to tasks.o(i.vTaskStartScheduler) for vTaskStartScheduler
    main.o(i.main) refers to main.o(.data) for StartTask_Handler
    main.o(i.main) refers to main.o(i.start_task) for start_task
    main.o(i.oled_task) refers to _printf_pad.o(.text) for _printf_pre_padding
    main.o(i.oled_task) refers to _printf_percent.o(.ARM.Collect$$_printf_percent$$00000000) for _printf_percent
    main.o(i.oled_task) refers to _printf_d.o(.ARM.Collect$$_printf_percent$$00000009) for _printf_d
    main.o(i.oled_task) refers to _printf_dec.o(.text) for _printf_int_dec
    main.o(i.oled_task) refers to noretval__2printf.o(.text) for __2printf
    main.o(i.oled_task) refers to queue.o(i.xQueueSemaphoreTake) for xQueueSemaphoreTake
    main.o(i.oled_task) refers to dflt_clz.o(x$fpl$dfltu) for __aeabi_ui2d
    main.o(i.oled_task) refers to dmul.o(x$fpl$dmul) for __aeabi_dmul
    main.o(i.oled_task) refers to dfix.o(x$fpl$dfix) for __aeabi_d2iz
    main.o(i.oled_task) refers to oled.o(i.oled_draw_line) for oled_draw_line
    main.o(i.oled_task) refers to delay.o(i.delay_ms) for delay_ms
    main.o(i.oled_task) refers to main.o(.data) for OLED_Semaphore
    main.o(i.oled_task) refers to dsp.o(.bss) for lBufOutArray
    main.o(i.oled_task) refers to main.o(.bss) for IBufLedArray_tmp
    main.o(i.start_task) refers to port.o(i.vPortEnterCritical) for vPortEnterCritical
    main.o(i.start_task) refers to queue.o(i.xQueueGenericCreate) for xQueueGenericCreate
    main.o(i.start_task) refers to noretval__2printf.o(.text) for __2printf
    main.o(i.start_task) refers to tasks.o(i.xTaskCreate) for xTaskCreate
    main.o(i.start_task) refers to tasks.o(i.vTaskDelete) for vTaskDelete
    main.o(i.start_task) refers to port.o(i.vPortExitCritical) for vPortExitCritical
    main.o(i.start_task) refers to main.o(.data) for FFT_Semaphore
    main.o(i.start_task) refers to main.o(i.led0_task) for led0_task
    main.o(i.start_task) refers to main.o(i.FFT_task) for FFT_task
    main.o(i.start_task) refers to main.o(i.oled_task) for oled_task
    system_stm32f10x.o(i.SetSysClock) refers to system_stm32f10x.o(i.SetSysClockTo72) for SetSysClockTo72
    system_stm32f10x.o(i.SystemCoreClockUpdate) refers to system_stm32f10x.o(.data) for SystemCoreClock
    system_stm32f10x.o(i.SystemInit) refers to system_stm32f10x.o(i.SetSysClock) for SetSysClock
    led.o(i.LED_Init) refers to stm32f10x_rcc.o(i.RCC_APB2PeriphClockCmd) for RCC_APB2PeriphClockCmd
    led.o(i.LED_Init) refers to stm32f10x_gpio.o(i.GPIO_Init) for GPIO_Init
    led.o(i.LED_Init) refers to stm32f10x_gpio.o(i.GPIO_SetBits) for GPIO_SetBits
    fft.o(i.FFT256) refers to fft.o(i.bitrev) for bitrev
    fft.o(i.FFT256) refers to fflt_clz.o(x$fpl$fflt) for __aeabi_i2f
    fft.o(i.FFT256) refers to f2d.o(x$fpl$f2d) for __aeabi_f2d
    fft.o(i.FFT256) refers to dmul.o(x$fpl$dmul) for __aeabi_dmul
    fft.o(i.FFT256) refers to daddsub_clz.o(x$fpl$dsub) for __aeabi_dsub
    fft.o(i.FFT256) refers to daddsub_clz.o(x$fpl$dadd) for __aeabi_dadd
    fft.o(i.FFT256) refers to daddsub_clz.o(x$fpl$drsb) for __aeabi_drsub
[...]
    prvProcessTimerOrBlockTask               0x08002eb1   Thumb Code   102  timers.o(i.prvProcessTimerOrBlockTask)
    i.prvReloadTimer                         0x08002f24   Section        0  timers.o(i.prvReloadTimer)
    prvReloadTimer                           0x08002f25   Thumb Code    40  timers.o(i.prvReloadTimer)
    i.prvResetNextTaskUnblockTime            0x08002f4c   Section        0  tasks.o(i.prvResetNextTaskUnblockTime)
    prvResetNextTaskUnblockTime              0x08002f4d   Thumb Code    40  tasks.o(i.prvResetNextTaskUnblockTime)
    i.prvSampleTimeNow                       0x08002f7c   Section        0  timers.o(i.prvSampleTimeNow)
    prvSampleTimeNow                         0x08002f7d   Thumb Code    40  timers.o(i.prvSampleTimeNow)
    i.prvSwitchTimerLists                    0x08002fa8   Section        0  timers.o(i.prvSwitchTimerLists)
    prvSwitchTimerLists                      0x08002fa9   Thumb Code    58  timers.o(i.prvSwitchTimerLists)
    i.prvTaskExitError                       0x08002fec   Section        0  port.o(i.prvTaskExitError)
    prvTaskExitError                         0x08002fed   Thumb Code    48  port.o(i.prvTaskExitError)
    i.prvTimerTask                           0x0800305c   Section        0  timers.o(i.prvTimerTask)
    prvTimerTask                             0x0800305d   Thumb Code    26  timers.o(i.prvTimerTask)
    i.prvUnlockQueue                         0x08003076   Section        0  queue.o(i.prvUnlockQueue)
    prvUnlockQueue                           0x08003077   Thumb Code   144  queue.o(i.prvUnlockQueue)
    i.pvPortMalloc                           0x08003108   Section        0  heap_4.o(i.pvPortMalloc)
    i.pvTaskIncrementMutexHeldCount          0x08003288   Section        0  tasks.o(i.pvTaskIncrementMutexHeldCount)
    i.pxPortInitialiseStack                  0x080032a8   Section        0  port.o(i.pxPortInitialiseStack)
    i.sin                                    0x080032cc   Section        0  sin.o(i.sin)
    i.sqrt                                   0x0800336c   Section        0  sqrt.o(i.sqrt)
    i.start_task                             0x080033b8   Section        0  main.o(i.start_task)
    i.uart_init                              0x080034e0   Section        0  usart.o(i.uart_init)
    i.uxListRemove                           0x08003580   Section        0  list.o(i.uxListRemove)
    i.vListInitialise                        0x080035a8   Section        0  list.o(i.vListInitialise)
    i.vListInitialiseItem                    0x080035c2   Section        0  list.o(i.vListInitialiseItem)
    i.vListInsert                            0x080035c8   Section        0  list.o(i.vListInsert)
    i.vListInsertEnd                         0x080035fc   Section        0  list.o(i.vListInsertEnd)
    i.vPortEnterCritical                     0x08003614   Section        0  port.o(i.vPortEnterCritical)
    i.vPortExitCritical                      0x0800369c   Section        0  port.o(i.vPortExitCritical)
    i.vPortFree                              0x0800370c   Section        0  heap_4.o(i.vPortFree)
    i.vPortSetupTimerInterrupt               0x080037d4   Section        0  port.o(i.vPortSetupTimerInterrupt)
    i.vQueueAddToRegistry                    0x080037fc   Section        0  queue.o(i.vQueueAddToRegistry)
    i.vQueueWaitForMessageRestricted         0x08003878   Section        0  queue.o(i.vQueueWaitForMessageRestricted)
    i.vTaskDelay                             0x080038c4   Section        0  tasks.o(i.vTaskDelay)
    i.vTaskDelete                            0x08003938   Section        0  tasks.o(i.vTaskDelete)
    i.vTaskInternalSetTimeOutState           0x08003a4c   Section        0  tasks.o(i.vTaskInternalSetTimeOutState)
    i.vTaskMissedYield                       0x08003a64   Section        0  tasks.o(i.vTaskMissedYield)
    i.vTaskPlaceOnEventList                  0x08003a70   Section        0  tasks.o(i.vTaskPlaceOnEventList)
    i.vTaskPlaceOnEventListRestricted        0x08003ac4   Section        0  tasks.o(i.vTaskPlaceOnEventListRestricted)
    i.vTaskPriorityDisinheritAfterTimeout    0x08003b40   Section        0  tasks.o(i.vTaskPriorityDisinheritAfterTimeout)
    i.vTaskStartScheduler                    0x08003c68   Section        0  tasks.o(i.vTaskStartScheduler)
    i.vTaskSuspendAll                        0x08003d1c   Section        0  tasks.o(i.vTaskSuspendAll)
    i.vTaskSwitchContext                     0x08003d2c   Section        0  tasks.o(i.vTaskSwitchContext)
    i.xPortStartScheduler                    0x08003dd4   Section        0  port.o(i.xPortStartScheduler)
    i.xPortSysTickHandler                    0x08003f14   Section        0  port.o(i.xPortSysTickHandler)
    i.xQueueGenericCreate                    0x08003f48   Section        0  queue.o(i.xQueueGenericCreate)
    i.xQueueGenericReset                     0x08003fc8   Section        0  queue.o(i.xQueueGenericReset)
    i.xQueueGenericSend                      0x080040b4   Section        0  queue.o(i.xQueueGenericSend)
    i.xQueueReceive                          0x08004288   Section        0  queue.o(i.xQueueReceive)
    i.xQueueSemaphoreTake                    0x080043f8   Section        0  queue.o(i.xQueueSemaphoreTake)
    i.xTaskCheckForTimeOut                   0x080045ac   Section        0  tasks.o(i.xTaskCheckForTimeOut)
    i.xTaskCreate                            0x0800464c   Section        0  tasks.o(i.xTaskCreate)
    i.xTaskGetSchedulerState                 0x080046ac   Section        0  tasks.o(i.xTaskGetSchedulerState)
    i.xTaskGetTickCount                      0x080046cc   Section        0  tasks.o(i.xTaskGetTickCount)
    i.xTaskIncrementTick                     0x080046d8   Section        0  tasks.o(i.xTaskIncrementTick)
    i.xTaskPriorityDisinherit                0x080048ac   Section        0  tasks.o(i.xTaskPriorityDisinherit)
    i.xTaskPriorityInherit                   0x080049ac   Section        0  tasks.o(i.xTaskPriorityInherit)
    i.xTaskRemoveFromEventList               0x08004a98   Section        0  tasks.o(i.xTaskRemoveFromEventList)
    i.xTaskResumeAll                         0x08004bd4   Section        0  tasks.o(i.xTaskResumeAll)
    i.xTimerCreateTimerTask                  0x08004d64   Section        0  timers.o(i.xTimerCreateTimerTask)
    x$fpl$d2f                                0x08004dd8   Section       98  d2f.o(x$fpl$d2f)
    x$fpl$dadd                               0x08004e3c   Section      336  daddsub_clz.o(x$fpl$dadd)
    _dadd1                                   0x08004e4d   Thumb Code     0  daddsub_clz.o(x$fpl$dadd)
    x$fpl$dcheck1                            0x08004f8c   Section       16  dcheck1.o(x$fpl$dcheck1)
    x$fpl$ddiv                               0x08004f9c   Section      688  ddiv.o(x$fpl$ddiv)
    ddiv_entry                               0x08004fa3   Thumb Code     0  ddiv.o(x$fpl$ddiv)
    x$fpl$dfix                               0x0800524c   Section       94  dfix.o(x$fpl$dfix)
    x$fpl$dflt                               0x080052aa   Section       46  dflt_clz.o(x$fpl$dflt)
    x$fpl$dfltu                              0x080052d8   Section       38  dflt_clz.o(x$fpl$dfltu)
    x$fpl$dmul                               0x08005300   Section      340  dmul.o(x$fpl$dmul)
    x$fpl$dnaninf                            0x08005454   Section      156  dnaninf.o(x$fpl$dnaninf)
    x$fpl$dretinf                            0x080054f0   Section       12  dretinf.o(x$fpl$dretinf)
    x$fpl$drsb                               0x080054fc   Section       22  daddsub_clz.o(x$fpl$drsb)
    x$fpl$dsqrt                              0x08005514   Section      460  dsqrt_noumaal.o(x$fpl$dsqrt)
    x$fpl$dsub                               0x080056e0   Section      468  daddsub_clz.o(x$fpl$dsub)
    _dsub1                                   0x080056f1   Thumb Code     0  daddsub_clz.o(x$fpl$dsub)
    x$fpl$f2d                                0x080058b4   Section       86  f2d.o(x$fpl$f2d)
    x$fpl$fadd                               0x0800590c   Section      196  faddsub_clz.o(x$fpl$fadd)
    _fadd1                                   0x0800591b   Thumb Code     0  faddsub_clz.o(x$fpl$fadd)
    x$fpl$fdiv                               0x080059d0   Section      388  fdiv.o(x$fpl$fdiv)
    _fdiv1                                   0x080059d1   Thumb Code     0  fdiv.o(x$fpl$fdiv)
    x$fpl$ffixu                              0x08005b54   Section       62  ffixu.o(x$fpl$ffixu)
    x$fpl$fflt                               0x08005b94   Section       48  fflt_clz.o(x$fpl$fflt)
    x$fpl$fmul                               0x08005bc4   Section      258  fmul.o(x$fpl$fmul)
    x$fpl$fnaninf                            0x08005cc6   Section      140  fnaninf.o(x$fpl$fnaninf)
    x$fpl$fretinf                            0x08005d52   Section       10  fretinf.o(x$fpl$fretinf)
    x$fpl$fsub                               0x08005d5c   Section      234  faddsub_clz.o(x$fpl$fsub)
    _fsub1                                   0x08005d6b   Thumb Code     0  faddsub_clz.o(x$fpl$fsub)
    x$fpl$retnan                             0x08005e46   Section      100  retnan.o(x$fpl$retnan)
    x$fpl$scalbn                             0x08005eaa   Section       92  scalbn.o(x$fpl$scalbn)
    x$fpl$trapveneer                         0x08005f06   Section       48  trapv.o(x$fpl$trapveneer)
    x$fpl$usenofp                            0x08005f36   Section        0  usenofp.o(x$fpl$usenofp)
    .constdata                               0x08005f38   Section       48  cos_i.o(.constdata)
    C                                        0x08005f38   Data          48  cos_i.o(.constdata)
    .constdata                               0x08005f68   Section      200  rred.o(.constdata)
    pio2s                                    0x08005f68   Data          48  rred.o(.constdata)
    twooverpi                                0x08005f98   Data         152  rred.o(.constdata)
    .constdata                               0x08006030   Section       40  sin_i.o(.constdata)
    S                                        0x08006030   Data          40  sin_i.o(.constdata)
    .data                                    0x20000000   Section       36  main.o(.data)
    .data                                    0x20000024   Section       20  system_stm32f10x.o(.data)
    .data                                    0x20000038   Section       12  timer.o(.data)
    .data                                    0x20000044   Section        4  delay.o(.data)
    fac_us                                   0x20000044   Data           1  delay.o(.data)
    fac_ms                                   0x20000046   Data           2  delay.o(.data)
    .data                                    0x20000048   Section        6  usart.o(.data)
    .data                                    0x2000004e   Section       20  stm32f10x_rcc.o(.data)
    APBAHBPrescTable                         0x2000004e   Data          16  stm32f10x_rcc.o(.data)
    ADCPrescTable                            0x2000005e   Data           4  stm32f10x_rcc.o(.data)
    .data                                    0x20000064   Section       64  tasks.o(.data)
    pxDelayedTaskList                        0x20000068   Data           4  tasks.o(.data)
    pxOverflowDelayedTaskList                0x2000006c   Data           4  tasks.o(.data)
    uxDeletedTasksWaitingCleanUp             0x20000070   Data           4  tasks.o(.data)
    uxCurrentNumberOfTasks                   0x20000074   Data           4  tasks.o(.data)
    xTickCount                               0x20000078   Data           4  tasks.o(.data)
    uxTopReadyPriority                       0x2000007c   Data           4  tasks.o(.data)
    xSchedulerRunning                        0x20000080   Data           4  tasks.o(.data)
    xPendedTicks                             0x20000084   Data           4  tasks.o(.data)
    xYieldPending                            0x20000088   Data           4  tasks.o(.data)
    xNumOfOverflows                          0x2000008c   Data           4  tasks.o(.data)
    uxTaskNumber                             0x20000090   Data           4  tasks.o(.data)
    xNextTaskUnblockTime                     0x20000094   Data           4  tasks.o(.data)
    xIdleTaskHandle                          0x20000098   Data           4  tasks.o(.data)
    uxSchedulerSuspended                     0x200000a0   Data           4  tasks.o(.data)
    .data                                    0x200000a4   Section       20  timers.o(.data)
    pxCurrentTimerList                       0x200000a4   Data           4  timers.o(.data)
    pxOverflowTimerList                      0x200000a8   Data           4  timers.o(.data)
    xTimerQueue                              0x200000ac   Data           4  timers.o(.data)
    xTimerTaskHandle                         0x200000b0   Data           4  timers.o(.data)
    xLastTime                                0x200000b4   Data           4  timers.o(.data)
    .data                                    0x200000b8   Section       32  heap_4.o(.data)
    xStart                                   0x200000b8   Data           8  heap_4.o(.data)
    pxEnd                                    0x200000c0   Data           4  heap_4.o(.data)
    xFreeBytesRemaining                      0x200000c4   Data           4  heap_4.o(.data)
    xMinimumEverFreeBytesRemaining           0x200000c8   Data           4  heap_4.o(.data)
    xNumberOfSuccessfulAllocations           0x200000cc   Data           4  heap_4.o(.data)
    xNumberOfSuccessfulFrees                 0x200000d0   Data           4  heap_4.o(.data)
    xBlockAllocatedBit                       0x200000d4   Data           4  heap_4.o(.data)
    .data                                    0x200000d8   Section       12  port.o(.data)
    uxCriticalNesting                        0x200000d8   Data           4  port.o(.data)
    ucMaxSysCallPriority                     0x200000dc   Data           1  port.o(.data)
    ulMaxPRIGROUPValue                       0x200000e0   Data           4  port.o(.data)
    .bss                                     0x200000e4   Section      256  main.o(.bss)
    .bss                                     0x200001e4   Section     2048  dsp.o(.bss)
    .bss                                     0x200009e4   Section      200  usart.o(.bss)
    .bss                                     0x20000aac   Section       64  queue.o(.bss)
    .bss                                     0x20000aec   Section      740  tasks.o(.bss)
    pxReadyTasksLists                        0x20000aec   Data         640  tasks.o(.bss)
    xDelayedTaskList1                        0x20000d6c   Data          20  tasks.o(.bss)
    xDelayedTaskList2                        0x20000d80   Data          20  tasks.o(.bss)
    xPendingReadyList                        0x20000d94   Data          20  tasks.o(.bss)
    xTasksWaitingTermination                 0x20000da8   Data          20  tasks.o(.bss)
    xSuspendedTaskList                       0x20000dbc   Data          20  tasks.o(.bss)
    .bss                                     0x20000dd0   Section       40  timers.o(.bss)
    xActiveTimerList1                        0x20000dd0   Data          20  timers.o(.bss)
    xActiveTimerList2                        0x20000de4   Data          20  timers.o(.bss)
    .bss                                     0x20000df8   Section    20480  heap_4.o(.bss)
    ucHeap                                   0x20000df8   Data       20480  heap_4.o(.bss)
    .bss                                     0x20005df8   Section       96  libspace.o(.bss)
    HEAP                                     0x20005e58   Section      512  startup_stm32f10x_hd.o(HEAP)
    Heap_Mem                                 0x20005e58   Data         512  startup_stm32f10x_hd.o(HEAP)
    STACK                                    0x20006058   Section     1024  startup_stm32f10x_hd.o(STACK)
    Stack_Mem                                0x20006058   Data        1024  startup_stm32f10x_hd.o(STACK)
    __initial_sp                             0x20006458   Data           0  startup_stm32f10x_hd.o(STACK)

    Global Symbols

    Symbol Name                              Value     Ov Type        Size  Object(Section)

    BuildAttributes$$THM_ISAv4$P$D$K$B$S$PE$A:L22UL41UL21$X:L11$S22US41US21$IEEE1$IW$USESV6$~STKCKD$USESV7$~SHL$OTIME$ROPI$IEEEX$EBA8$UX$STANDARDLIB$REQ8$PRES8$EABIv2 0x00000000   Number         0  anon$$obj.o ABSOLUTE
    __ARM_use_no_argv                        0x00000000   Number         0  main.o ABSOLUTE
    _printf_flags                            0x00000000   Number         0  printf_stubs.o ABSOLUTE
    _printf_return_value                     0x00000000   Number         0  printf_stubs.o ABSOLUTE
    _printf_sizespec                         0x00000000   Number         0  printf_stubs.o ABSOLUTE
    _printf_widthprec                        0x00000000   Number         0  printf_stubs.o ABSOLUTE
    __ARM_exceptions_init                     - Undefined Weak Reference
    __alloca_initialize                       - Undefined Weak Reference
    __arm_preinit_                            - Undefined Weak Reference
    __cpp_initialize__aeabi_                  - Undefined Weak Reference
    __cxa_finalize                            - Undefined Weak Reference
    __rt_locale                               - Undefined Weak Reference
    __sigvec_lookup                           - Undefined Weak Reference
    _atexit_init                              - Undefined Weak Reference
    _call_atexit_fns                          - Undefined Weak Reference
    _clock_init                               - Undefined Weak Reference
    _fp_trap_init                             - Undefined Weak Reference
    _fp_trap_shutdown                         - Undefined Weak Reference
    _get_lc_collate                           - Undefined Weak Reference
    _get_lc_ctype                             - Undefined Weak Reference
    _get_lc_monetary                          - Undefined Weak Reference
    _get_lc_numeric                           - Undefined Weak Reference
    _get_lc_time                              - Undefined Weak Reference
    _getenv_init                              - Undefined Weak Reference
    _handle_redirection                       - Undefined Weak Reference
    _init_alloc                               - Undefined Weak Reference
    _init_user_alloc                          - Undefined Weak Reference
    _initio                                   - Undefined Weak Reference
    _mutex_acquire                            - Undefined Weak Reference
    _mutex_release                            - Undefined Weak Reference
    _printf_mbtowc                            - Undefined Weak Reference
    _printf_truncate_signed                   - Undefined Weak Reference
    _printf_truncate_unsigned                 - Undefined Weak Reference
    _rand_init                                - Undefined Weak Reference
    _signal_finish                            - Undefined Weak Reference
    _signal_init                              - Undefined Weak Reference
    _terminate_alloc                          - Undefined Weak Reference
    _terminate_user_alloc                     - Undefined Weak Reference
    _terminateio                              - Undefined Weak Reference
    __Vectors_Size                           0x00000130   Number         0  startup_stm32f10x_hd.o ABSOLUTE
    __Vectors                                0x08000000   Data           4  startup_stm32f10x_hd.o(RESET)
    __Vectors_End                            0x08000130   Data           0  startup_stm32f10x_hd.o(RESET)
    __main                                   0x08000131   Thumb Code     8  __main.o(!!!main)
    __scatterload                            0x08000139   Thumb Code     0  __scatter.o(!!!scatter)
    __scatterload_rt2                        0x08000139   Thumb Code    44  __scatter.o(!!!scatter)
    __scatterload_rt2_thumb_only             0x08000139   Thumb Code     0  __scatter.o(!!!scatter)
    __scatterload_null                       0x08000147   Thumb Code     0  __scatter.o(!!!scatter)
    __scatterload_copy                       0x0800016d   Thumb Code    26  __scatter_copy.o(!!handler_copy)
    __scatterload_zeroinit                   0x08000189   Thumb Code    28  __scatter_zi.o(!!handler_zi)
    _printf_d                                0x080001a5   Thumb Code     0  _printf_d.o(.ARM.Collect$$_printf_percent$$00000009)
    _printf_percent                          0x080001a5   Thumb Code     0  _printf_percent.o(.ARM.Collect$$_printf_percent$$00000000)
    _printf_s                                0x080001ab   Thumb Code     0  _printf_s.o(.ARM.Collect$$_printf_percent$$00000014)
    _printf_percent_end                      0x080001b1   Thumb Code     0  _printf_percent_end.o(.ARM.Collect$$_printf_percent$$00000017)
    __rt_lib_init                            0x080001b5   Thumb Code     0  libinit.o(.ARM.Collect$$libinit$$00000000)
    __rt_lib_init_alloca_1                   0x080001b7   Thumb Code     0  libinit2.o(.ARM.Collect$$libinit$$0000002E)
    __rt_lib_init_argv_1                     0x080001b7   Thumb Code     0  libinit2.o(.ARM.Collect$$libinit$$0000002C)
    __rt_lib_init_atexit_1                   0x080001b7   Thumb Code     0  libinit2.o(.ARM.Collect$$libinit$$0000001B)
    __rt_lib_init_clock_1                    0x080001b7   Thumb Code     0  libinit2.o(.ARM.Collect$$libinit$$00000021)
    __rt_lib_init_cpp_1                      0x080001b7   Thumb Code     0  libinit2.o(.ARM.Collect$$libinit$$00000032)
    __rt_lib_init_exceptions_1               0x080001b7   Thumb Code     0  libinit2.o(.ARM.Collect$$libinit$$00000030)
    __rt_lib_init_fp_1                       0x080001b7   Thumb Code     0  libinit2.o(.ARM.Collect$$libinit$$00000002)
    __rt_lib_init_fp_trap_1                  0x080001b7   Thumb Code     0  libinit2.o(.ARM.Collect$$libinit$$0000001F)
    __rt_lib_init_getenv_1                   0x080001b7   Thumb Code     0  libinit2.o(.ARM.Collect$$libinit$$00000023)
    __rt_lib_init_heap_1                     0x080001b7   Thumb Code     0  libinit2.o(.ARM.Collect$$libinit$$0000000A)
    __rt_lib_init_lc_collate_1               0x080001b7   Thumb Code     0  libinit2.o(.ARM.Collect$$libinit$$00000011)
    __rt_lib_init_lc_ctype_1                 0x080001b7   Thumb Code     0  libinit2.o(.ARM.Collect$$libinit$$00000013)
    __rt_lib_init_lc_monetary_1              0x080001b7   Thumb Code     0  libinit2.o(.ARM.Collect$$libinit$$00000015)
    __rt_lib_init_lc_numeric_1               0x080001b7   Thumb Code     0  libinit2.o(.ARM.Collect$$libinit$$00000017)
    __rt_lib_init_lc_time_1                  0x080001b7   Thumb Code     0  libinit2.o(.ARM.Collect$$libinit$$00000019)
    __rt_lib_init_preinit_1                  0x080001b7   Thumb Code     0  libinit2.o(.ARM.Collect$$libinit$$00000004)
    __rt_lib_init_rand_1                     0x080001b7   Thumb Code     0  libinit2.o(.ARM.Collect$$libinit$$0000000E)
    __rt_lib_init_return                     0x080001b7   Thumb Code     0  libinit2.o(.ARM.Collect$$libinit$$00000033)
    __rt_lib_init_signal_1                   0x080001b7   Thumb Code     0  libinit2.o(.ARM.Collect$$libinit$$0000001D)
    __rt_lib_init_stdio_1                    0x080001b7   Thumb Code     0  libinit2.o(.ARM.Collect$$libinit$$00000025)
    __rt_lib_init_user_alloc_1               0x080001b7   Thumb Code     0  libinit2.o(.ARM.Collect$$libinit$$0000000C)
    __rt_lib_shutdown                        0x080001b9   Thumb Code     0  libshutdown.o(.ARM.Collect$$libshutdown$$00000000)
    __rt_lib_shutdown_cpp_1                  0x080001bb   Thumb Code     0  libshutdown2.o(.ARM.Collect$$libshutdown$$00000002)
    __rt_lib_shutdown_fp_trap_1              0x080001bb   Thumb Code     0  libshutdown2.o(.ARM.Collect$$libshutdown$$00000007)
    __rt_lib_shutdown_heap_1                 0x080001bb   Thumb Code     0  libshutdown2.o(.ARM.Collect$$libshutdown$$0000000F)
    __rt_lib_shutdown_return                 0x080001bb   Thumb Code     0  libshutdown2.o(.ARM.Collect$$libshutdown$$00000010)
    __rt_lib_shutdown_signal_1               0x080001bb   Thumb Code     0  libshutdown2.o(.ARM.Collect$$libshutdown$$0000000A)
    __rt_lib_shutdown_stdio_1                0x080001bb   Thumb Code     0  libshutdown2.o(.ARM.Collect$$libshutdown$$00000004)
    __rt_lib_shutdown_user_alloc_1           0x080001bb   Thumb Code     0  libshutdown2.o(.ARM.Collect$$libshutdown$$0000000C)
    __rt_entry                               0x080001bd   Thumb Code     0  __rtentry.o(.ARM.Collect$$rtentry$$00000000)
    __rt_entry_presh_1                       0x080001bd   Thumb Code     0  __rtentry2.o(.ARM.Collect$$rtentry$$00000002)
    __rt_entry_sh                            0x080001bd   Thumb Code     0  __rtentry4.o(.ARM.Collect$$rtentry$$00000004)
    __rt_entry_li                            0x080001c3   Thumb Code     0  __rtentry2.o(.ARM.Collect$$rtentry$$0000000A)
    __rt_entry_postsh_1                      0x080001c3   Thumb Code     0  __rtentry2.o(.ARM.Collect$$rtentry$$00000009)
    __rt_entry_main                          0x080001c7   Thumb Code     0  __rtentry2.o(.ARM.Collect$$rtentry$$0000000D)
    __rt_entry_postli_1                      0x080001c7   Thumb Code     0  __rtentry2.o(.ARM.Collect$$rtentry$$0000000C)
    __rt_exit                                0x080001cf   Thumb Code     0  rtexit.o(.ARM.Collect$$rtexit$$00000000)
    __rt_exit_ls                             0x080001d1   Thumb Code     0  rtexit2.o(.ARM.Collect$$rtexit$$00000003)
    __rt_exit_prels_1                        0x080001d1   Thumb Code     0  rtexit2.o(.ARM.Collect$$rtexit$$00000002)
    __rt_exit_exit                           0x080001d5   Thumb Code     0  rtexit2.o(.ARM.Collect$$rtexit$$00000004)
    SVC_Handler                              0x080001dd   Thumb Code    32  port.o(.emb_text)
    __asm___6_port_c_39a90d8d__prvStartFirstTask 0x08000201   Thumb Code    28  port.o(.emb_text)
    PendSV_Handler                           0x08000221   Thumb Code    72  port.o(.emb_text)
    vPortGetIPSR                             0x0800026d   Thumb Code     6  port.o(.emb_text)
    Reset_Handler                            0x08000275   Thumb Code     8  startup_stm32f10x_hd.o(.text)
    ADC1_2_IRQHandler                        0x0800028f   Thumb Code     0  startup_stm32f10x_hd.o(.text)
    ADC3_IRQHandler                          0x0800028f   Thumb Code     0  startup_stm32f10x_hd.o(.text)
    CAN1_RX1_IRQHandler                      0x0800028f   Thumb Code     0  startup_stm32f10x_hd.o(.text)
    CAN1_SCE_IRQHandler                      0x0800028f   Thumb Code     0  startup_stm32f10x_hd.o(.text)
    DMA1_Channel1_IRQHandler                 0x0800028f   Thumb Code     0  startup_stm32f10x_hd.o(.text)
    DMA1_Channel2_IRQHandler                 0x0800028f   Thumb Code     0  startup_stm32f10x_hd.o(.text)
    DMA1_Channel3_IRQHandler                 0x0800028f   Thumb Code     0  startup_stm32f10x_hd.o(.text)
    DMA1_Channel4_IRQHandler                 0x0800028f   Thumb Code     0  startup_stm32f10x_hd.o(.text)
    DMA1_Channel5_IRQHandler                 0x0800028f   Thumb Code     0  startup_stm32f10x_hd.o(.text)
    DMA1_Channel6_IRQHandler                 0x0800028f   Thumb Code     0  startup_stm32f10x_hd.o(.text)
    DMA1_Channel7_IRQHandler                 0x0800028f   Thumb Code     0  startup_stm32f10x_hd.o(.text)
    DMA2_Channel1_IRQHandler                 0x0800028f   Thumb Code     0  startup_stm32f10x_hd.o(.text)
    DMA2_Channel2_IRQHandler                 0x0800028f   Thumb Code     0  startup_stm32f10x_hd.o(.text)
    DMA2_Channel3_IRQHandler                 0x0800028f   Thumb Code     0  startup_stm32f10x_hd.o(.text)
    DMA2_Channel4_5_IRQHandler               0x0800028f   Thumb Code     0  startup_stm32f10x_hd.o(.text)
    EXTI0_IRQHandler                         0x0800028f   Thumb Code     0  startup_stm32f10x_hd.o(.text)
    EXTI15_10_IRQHandler                     0x0800028f   Thumb Code     0  startup_stm32f10x_hd.o(.text)
    EXTI1_IRQHandler                         0x0800028f   Thumb Code     0  startup_stm32f10x_hd.o(.text)
    EXTI2_IRQHandler                         0x0800028f   Thumb Code     0  startup_stm32f10x_hd.o(.text)
    EXTI3_IRQHandler                         0x0800028f   Thumb Code     0  startup_stm32f10x_hd.o(.text)
    EXTI4_IRQHandler                         0x0800028f   Thumb Code     0  startup_stm32f10x_hd.o(.text)
    EXTI9_5_IRQHandler                       0x0800028f   Thumb Code     0  startup_stm32f10x_hd.o(.text)
    FLASH_IRQHandler                         0x0800028f   Thumb Code     0  startup_stm32f10x_hd.o(.text)
    FSMC_IRQHandler                          0x0800028f   Thumb Code     0  startup_stm32f10x_hd.o(.text)
    I2C1_ER_IRQHandler                       0x0800028f   Thumb Code     0  startup_stm32f10x_hd.o(.text)
    I2C1_EV_IRQHandler                       0x0800028f   Thumb Code     0  startup_stm32f10x_hd.o(.text)
    I2C2_ER_IRQHandler                       0x0800028f   Thumb Code     0  startup_stm32f10x_hd.o(.text)
    I2C2_EV_IRQHandler                       0x0800028f   Thumb Code     0  startup_stm32f10x_hd.o(.text)
    PVD_IRQHandler                           0x0800028f   Thumb Code     0  startup_stm32f10x_hd.o(.text)
    RCC_IRQHandler                           0x0800028f   Thumb Code     0  startup_stm32f10x_hd.o(.text)
    RTCAlarm_IRQHandler                      0x0800028f   Thumb Code     0  startup_stm32f10x_hd.o(.text)
    RTC_IRQHandler                           0x0800028f   Thumb Code     0  startup_stm32f10x_hd.o(.text)
    SDIO_IRQHandler                          0x0800028f   Thumb Code     0  startup_stm32f10x_hd.o(.text)
    SPI1_IRQHandler                          0x0800028f   Thumb Code     0  startup_stm32f10x_hd.o(.text)
    SPI2_IRQHandler                          0x0800028f   Thumb Code     0  startup_stm32f10x_hd.o(.text)
    SPI3_IRQHandler                          0x0800028f   Thumb Code     0  startup_stm32f10x_hd.o(.text)
    TAMPER_IRQHandler                        0x0800028f   Thumb Code     0  startup_stm32f10x_hd.o(.text)
    TIM1_BRK_IRQHandler                      0x0800028f   Thumb Code     0  startup_stm32f10x_hd.o(.text)
    TIM1_CC_IRQHandler                       0x0800028f   Thumb Code     0  startup_stm32f10x_hd.o(.text)
    TIM1_TRG_COM_IRQHandler                  0x0800028f   Thumb Code     0  startup_stm32f10x_hd.o(.text)
    TIM1_UP_IRQHandler                       0x0800028f   Thumb Code     0  startup_stm32f10x_hd.o(.text)
    TIM5_IRQHandler                          0x0800028f   Thumb Code     0  startup_stm32f10x_hd.o(.text)
    TIM6_IRQHandler                          0x0800028f   Thumb Code     0  startup_stm32f10x_hd.o(.text)
    TIM7_IRQHandler                          0x0800028f   Thumb Code     0  startup_stm32f10x_hd.o(.text)
    TIM8_BRK_IRQHandler                      0x0800028f   Thumb Code     0  startup_stm32f10x_hd.o(.text)
    TIM8_CC_IRQHandler                       0x0800028f   Thumb Code     0  startup_stm32f10x_hd.o(.text)
    TIM8_TRG_COM_IRQHandler                  0x0800028f   Thumb Code     0  startup_stm32f10x_hd.o(.text)
    TIM8_UP_IRQHandler                       0x0800028f   Thumb Code     0  startup_stm32f10x_hd.o(.text)
    UART4_IRQHandler                         0x0800028f   Thumb Code     0  startup_stm32f10x_hd.o(.text)
    UART5_IRQHandler                         0x0800028f   Thumb Code     0  startup_stm32f10x_hd.o(.text)
    USART2_IRQHandler                        0x0800028f   Thumb Code     0  startup_stm32f10x_hd.o(.text)
    USART3_IRQHandler                        0x0800028f   Thumb Code     0  startup_stm32f10x_hd.o(.text)
    USBWakeUp_IRQHandler                     0x0800028f   Thumb Code     0  startup_stm32f10x_hd.o(.text)
    USB_HP_CAN1_TX_IRQHandler                0x0800028f   Thumb Code     0  startup_stm32f10x_hd.o(.text)
    USB_LP_CAN1_RX0_IRQHandler               0x0800028f   Thumb Code     0  startup_stm32f10x_hd.o(.text)
    WWDG_IRQHandler                          0x0800028f   Thumb Code     0  startup_stm32f10x_hd.o(.text)
    __user_initial_stackheap                 0x08000291   Thumb Code     0  startup_stm32f10x_hd.o(.text)
    cr4_fft_256_stm32                        0x080002b5   Thumb Code     0  cr4_fft_256_stm32.o(.text)
    __use_no_semihosting                     0x08000893   Thumb Code     2  use_no_semi_2.o(.text)
    __2printf                                0x08000895   Thumb Code    20  noretval__2printf.o(.text)
    _printf_pre_padding                      0x080008ad   Thumb Code    44  _printf_pad.o(.text)
    _printf_post_padding                     0x080008d9   Thumb Code    34  _printf_pad.o(.text)
    _printf_str                              0x080008fb   Thumb Code    82  _printf_str.o(.text)
    _printf_int_dec                          0x0800094d   Thumb Code   104  _printf_dec.o(.text)
    __printf                                 0x080009c5   Thumb Code   270  __printf_wp.o(.text)
    __aeabi_memcpy                           0x08000ad3   Thumb Code     0  rt_memcpy_v6.o(.text)
    __rt_memcpy                              0x08000ad3   Thumb Code   138  rt_memcpy_v6.o(.text)
    _memcpy_lastbytes                        0x08000b39   Thumb Code     0  rt_memcpy_v6.o(.text)
    __aeabi_memset                           0x08000b5d   Thumb Code    16  aeabi_memset.o(.text)
    __aeabi_memclr4                          0x08000b6d   Thumb Code     0  rt_memclr_w.o(.text)
    __aeabi_memclr8                          0x08000b6d   Thumb Code     0  rt_memclr_w.o(.text)
    __rt_memclr_w                            0x08000b6d   Thumb Code    78  rt_memclr_w.o(.text)
    _memset_w                                0x08000b71   Thumb Code     0  rt_memclr_w.o(.text)
    __use_two_region_memory                  0x08000bbb   Thumb Code     2  heapauxi.o(.text)
    __rt_heap_escrow$2region                 0x08000bbd   Thumb Code     2  heapauxi.o(.text)
    __rt_heap_expand$2region                 0x08000bbf   Thumb Code     2  heapauxi.o(.text)
    __I$use$semihosting                      0x08000bc1   Thumb Code     0  use_no_semi.o(.text)
    __use_no_semihosting_swi                 0x08000bc1   Thumb Code     2  use_no_semi.o(.text)
    __read_errno                             0x08000bc3   Thumb Code    10  _rserrno.o(.text)
    __set_errno                              0x08000bcd   Thumb Code    12  _rserrno.o(.text)
    _printf_int_common                       0x08000bd9   Thumb Code   178  _printf_intcommon.o(.text)
    _printf_char_common                      0x08000c97   Thumb Code    32  _printf_char_common.o(.text)
    _printf_cs_common                        0x08000cbd   Thumb Code    20  _printf_char.o(.text)
    _printf_char                             0x08000cd1   Thumb Code    16  _printf_char.o(.text)
    _printf_string                           0x08000ce1   Thumb Code     8  _printf_char.o(.text)
    _printf_char_file                        0x08000ce9   Thumb Code    32  _printf_char_file.o(.text)
    __aeabi_memcpy4                          0x08000d0d   Thumb Code     0  rt_memcpy_w.o(.text)
    __aeabi_memcpy8                          0x08000d0d   Thumb Code     0  rt_memcpy_w.o(.text)
    __rt_memcpy_w                            0x08000d0d   Thumb Code   100  rt_memcpy_w.o(.text)
    _memcpy_lastbytes_aligned                0x08000d55   Thumb Code     0  rt_memcpy_w.o(.text)
    __aeabi_memclr                           0x08000d71   Thumb Code     0  rt_memclr.o(.text)
    __rt_memclr                              0x08000d71   Thumb Code    68  rt_memclr.o(.text)
    _memset                                  0x08000d75   Thumb Code     0  rt_memclr.o(.text)
    __aeabi_errno_addr                       0x08000db5   Thumb Code     8  rt_errno_addr_intlibspace.o(.text)
    __errno$intlibspace                      0x08000db5   Thumb Code     0  rt_errno_addr_intlibspace.o(.text)
    __rt_errno_addr$intlibspace              0x08000db5   Thumb Code     0  rt_errno_addr_intlibspace.o(.text)
    ferror                                   0x08000dbd   Thumb Code     8  ferror.o(.text)
    __user_libspace                          0x08000dc5   Thumb Code     8  libspace.o(.text)
    __user_perproc_libspace                  0x08000dc5   Thumb Code     0  libspace.o(.text)
    __user_perthread_libspace                0x08000dc5   Thumb Code     0  libspace.o(.text)
    __user_setup_stackheap                   0x08000dcd   Thumb Code    74  sys_stackheap_outer.o(.text)
    exit                                     0x08000e17   Thumb Code    18  exit.o(.text)
    ALL_NVIC_Configuration                   0x08000e29   Thumb Code   124  timer.o(i.ALL_NVIC_Configuration)
    AllClock_Init                            0x08000ea5   Thumb Code    30  timer.o(i.AllClock_Init)
    BusFault_Handler                         0x08000ec3   Thumb Code     4  stm32f10x_it.o(i.BusFault_Handler)
    DebugMon_Handler                         0x08000ec7   Thumb Code     2  stm32f10x_it.o(i.DebugMon_Handler)
    FFT_task                                 0x08000ec9   Thumb Code    66  main.o(i.FFT_task)
    GPIO_Init                                0x08000f41   Thumb Code   278  stm32f10x_gpio.o(i.GPIO_Init)
    GPIO_ResetBits                           0x08001057   Thumb Code     4  stm32f10x_gpio.o(i.GPIO_ResetBits)
    GPIO_SetBits                             0x0800105b   Thumb Code     4  stm32f10x_gpio.o(i.GPIO_SetBits)
    GetPowerMag                              0x08001061   Thumb Code   210  dsp.o(i.GetPowerMag)
    HardFault_Handler                        0x08001141   Thumb Code     4  stm32f10x_it.o(i.HardFault_Handler)
    IIC_Start                                0x08001145   Thumb Code    36  oled.o(i.IIC_Start)
    IIC_Stop                                 0x0800116d   Thumb Code    28  oled.o(i.IIC_Stop)
    IIC_Wait_Ack                             0x0800118d   Thumb Code    20  oled.o(i.IIC_Wait_Ack)
    InitBufInArray                           0x080011a5   Thumb Code   390  dsp.o(i.InitBufInArray)
    LED_Init                                 0x08001361   Thumb Code    72  led.o(i.LED_Init)
    MemManage_Handler                        0x080013b1   Thumb Code     4  stm32f10x_it.o(i.MemManage_Handler)
    NMI_Handler                              0x080013b5   Thumb Code     2  stm32f10x_it.o(i.NMI_Handler)
    NVIC_Init                                0x080013b9   Thumb Code   100  misc.o(i.NVIC_Init)
    NVIC_PriorityGroupConfig                 0x08001429   Thumb Code    10  misc.o(i.NVIC_PriorityGroupConfig)
    OLED_Clear                               0x0800143d   Thumb Code    62  oled.o(i.OLED_Clear)
    OLED_Init                                0x0800147d   Thumb Code   268  oled.o(i.OLED_Init)
    OLED_Set_Pos                             0x0800158d   Thumb Code    40  oled.o(i.OLED_Set_Pos)
    OLED_WR_Byte                             0x080015b5   Thumb Code    24  oled.o(i.OLED_WR_Byte)
    RCC_AHBPeriphClockCmd                    0x080015cd   Thumb Code    26  stm32f10x_rcc.o(i.RCC_AHBPeriphClockCmd)
    RCC_APB1PeriphClockCmd                   0x080015ed   Thumb Code    26  stm32f10x_rcc.o(i.RCC_APB1PeriphClockCmd)
    RCC_APB2PeriphClockCmd                   0x0800160d   Thumb Code    26  stm32f10x_rcc.o(i.RCC_APB2PeriphClockCmd)
    RCC_GetClocksFreq                        0x0800162d   Thumb Code   192  stm32f10x_rcc.o(i.RCC_GetClocksFreq)
    SysTick_CLKSourceConfig                  0x080017e9   Thumb Code    40  misc.o(i.SysTick_CLKSourceConfig)
    SysTick_Handler                          0x08001811   Thumb Code    16  delay.o(i.SysTick_Handler)
    SystemInit                               0x08001821   Thumb Code    78  system_stm32f10x.o(i.SystemInit)
    TIM2_IRQHandler                          0x08001881   Thumb Code    28  timer.o(i.TIM2_IRQHandler)
    TIM3_IRQHandler                          0x080018b1   Thumb Code    40  timer.o(i.TIM3_IRQHandler)
    TIM4_IRQHandler                          0x080018e1   Thumb Code    48  timer.o(i.TIM4_IRQHandler)
    TIM_ClearITPendingBit                    0x08001919   Thumb Code     6  stm32f10x_tim.o(i.TIM_ClearITPendingBit)
    TIM_GetITStatus                          0x0800191f   Thumb Code    34  stm32f10x_tim.o(i.TIM_GetITStatus)
    USART1_IRQHandler                        0x08001941   Thumb Code   122  usart.o(i.USART1_IRQHandler)
    USART_Cmd                                0x080019c9   Thumb Code    24  stm32f10x_usart.o(i.USART_Cmd)
    USART_GetITStatus                        0x080019e1   Thumb Code    84  stm32f10x_usart.o(i.USART_GetITStatus)
    USART_ITConfig                           0x08001a35   Thumb Code    74  stm32f10x_usart.o(i.USART_ITConfig)
    USART_Init                               0x08001a81   Thumb Code   210  stm32f10x_usart.o(i.USART_Init)
    USART_ReceiveData                        0x08001b59   Thumb Code    10  stm32f10x_usart.o(i.USART_ReceiveData)
    UsageFault_Handler                       0x08001b63   Thumb Code     4  stm32f10x_it.o(i.UsageFault_Handler)
    Write_IIC_Byte                           0x08001b69   Thumb Code    80  oled.o(i.Write_IIC_Byte)
    Write_IIC_Command                        0x08001bbd   Thumb Code    44  oled.o(i.Write_IIC_Command)
    Write_IIC_Data                           0x08001be9   Thumb Code    44  oled.o(i.Write_IIC_Data)
    __ARM_fpclassify                         0x08001c15   Thumb Code    40  fpclassify.o(i.__ARM_fpclassify)
    __ieee754_rem_pio2                       0x08001c3d   Thumb Code   828  rred.o(i.__ieee754_rem_pio2)
    __kernel_cos                             0x08001fc5   Thumb Code   230  cos_i.o(i.__kernel_cos)
    __kernel_poly                            0x080020c1   Thumb Code   170  poly.o(i.__kernel_poly)
    __kernel_sin                             0x0800216d   Thumb Code   224  sin_i.o(i.__kernel_sin)
    __mathlib_dbl_infnan                     0x08002259   Thumb Code     6  dunder.o(i.__mathlib_dbl_infnan)
    __mathlib_dbl_invalid                    0x0800225f   Thumb Code    12  dunder.o(i.__mathlib_dbl_invalid)
    __mathlib_dbl_underflow                  0x0800226d   Thumb Code    10  dunder.o(i.__mathlib_dbl_underflow)
    _is_digit                                0x0800227d   Thumb Code    14  __printf_wp.o(i._is_digit)
    _sys_exit                                0x0800228b   Thumb Code     4  usart.o(i._sys_exit)
    delay_init                               0x08002291   Thumb Code    74  delay.o(i.delay_init)
    delay_ms                                 0x080022ed   Thumb Code    60  delay.o(i.delay_ms)
    delay_us                                 0x0800232d   Thumb Code    68  delay.o(i.delay_us)
    delay_xms                                0x08002375   Thumb Code    24  delay.o(i.delay_xms)
    fputc                                    0x0800238d   Thumb Code    24  usart.o(i.fputc)
    led0_task                                0x080023a9   Thumb Code    24  main.o(i.led0_task)
    main                                     0x080023c9   Thumb Code    86  main.o(i.main)
    oled_draw_line                           0x08002435   Thumb Code   120  oled.o(i.oled_draw_line)
    oled_task                                0x080024ad   Thumb Code   204  main.o(i.oled_task)
    pvPortMalloc                             0x08003109   Thumb Code   302  heap_4.o(i.pvPortMalloc)
    pvTaskIncrementMutexHeldCount            0x08003289   Thumb Code    26  tasks.o(i.pvTaskIncrementMutexHeldCount)
    pxPortInitialiseStack                    0x080032a9   Thumb Code    30  port.o(i.pxPortInitialiseStack)
    sin                                      0x080032cd   Thumb Code   150  sin.o(i.sin)
    sqrt                                     0x0800336d   Thumb Code    76  sqrt.o(i.sqrt)
    start_task                               0x080033b9   Thumb Code   160  main.o(i.start_task)
    uart_init                                0x080034e1   Thumb Code   152  usart.o(i.uart_init)
    uxListRemove                             0x08003581   Thumb Code    40  list.o(i.uxListRemove)
    vListInitialise                          0x080035a9   Thumb Code    26  list.o(i.vListInitialise)
    vListInitialiseItem                      0x080035c3   Thumb Code     6  list.o(i.vListInitialiseItem)
    vListInsert                              0x080035c9   Thumb Code    52  list.o(i.vListInsert)
    vListInsertEnd                           0x080035fd   Thumb Code    24  list.o(i.vListInsertEnd)
    vPortEnterCritical                       0x08003615   Thumb Code    68  port.o(i.vPortEnterCritical)
    vPortExitCritical                        0x0800369d   Thumb Code    48  port.o(i.vPortExitCritical)
    vPortFree                                0x0800370d   Thumb Code   130  heap_4.o(i.vPortFree)
    vPortSetupTimerInterrupt                 0x080037d5   Thumb Code    36  port.o(i.vPortSetupTimerInterrupt)
    vQueueAddToRegistry                      0x080037fd   Thumb Code    84  queue.o(i.vQueueAddToRegistry)
    vQueueWaitForMessageRestricted           0x08003879   Thumb Code    74  queue.o(i.vQueueWaitForMessageRestricted)
    vTaskDelay                               0x080038c5   Thumb Code    72  tasks.o(i.vTaskDelay)
    vTaskDelete                              0x08003939   Thumb Code   200  tasks.o(i.vTaskDelete)
    vTaskInternalSetTimeOutState             0x08003a4d   Thumb Code    14  tasks.o(i.vTaskInternalSetTimeOutState)
    vTaskMissedYield                         0x08003a65   Thumb Code     8  tasks.o(i.vTaskMissedYield)
    vTaskPlaceOnEventList                    0x08003a71   Thumb Code    42  tasks.o(i.vTaskPlaceOnEventList)
    vTaskPlaceOnEventListRestricted          0x08003ac5   Thumb Code    84  tasks.o(i.vTaskPlaceOnEventListRestricted)
    vTaskPriorityDisinheritAfterTimeout      0x08003b41   Thumb Code   248  tasks.o(i.vTaskPriorityDisinheritAfterTimeout)
    vTaskStartScheduler                      0x08003c69   Thumb Code   112  tasks.o(i.vTaskStartScheduler)
    vTaskSuspendAll                          0x08003d1d   Thumb Code    12  tasks.o(i.vTaskSuspendAll)
    vTaskSwitchContext                       0x08003d2d   Thumb Code   110  tasks.o(i.vTaskSwitchContext)
    xPortStartScheduler                      0x08003dd5   Thumb Code   240  port.o(i.xPortStartScheduler)
    xPortSysTickHandler                      0x08003f15   Thumb Code    46  port.o(i.xPortSysTickHandler)
    xQueueGenericCreate                      0x08003f49   Thumb Code    92  queue.o(i.xQueueGenericCreate)
    xQueueGenericReset                       0x08003fc9   Thumb Code   194  queue.o(i.xQueueGenericReset)
    xQueueGenericSend                        0x080040b5   Thumb Code   426  queue.o(i.xQueueGenericSend)
    xQueueReceive                            0x08004289   Thumb Code   326  queue.o(i.xQueueReceive)
    xQueueSemaphoreTake                      0x080043f9   Thumb Code   394  queue.o(i.xQueueSemaphoreTake)
    xTaskCheckForTimeOut                     0x080045ad   Thumb Code   116  tasks.o(i.xTaskCheckForTimeOut)
    xTaskCreate                              0x0800464d   Thumb Code    96  tasks.o(i.xTaskCreate)
    xTaskGetSchedulerState                   0x080046ad   Thumb Code    24  tasks.o(i.xTaskGetSchedulerState)
    xTaskGetTickCount                        0x080046cd   Thumb Code     6  tasks.o(i.xTaskGetTickCount)
    xTaskIncrementTick                       0x080046d9   Thumb Code   388  tasks.o(i.xTaskIncrementTick)
    xTaskPriorityDisinherit                  0x080048ad   Thumb Code   206  tasks.o(i.xTaskPriorityDisinherit)
    xTaskPriorityInherit                     0x080049ad   Thumb Code   224  tasks.o(i.xTaskPriorityInherit)
    xTaskRemoveFromEventList                 0x08004a99   Thumb Code   254  tasks.o(i.xTaskRemoveFromEventList)
    xTaskResumeAll                           0x08004bd5   Thumb Code   328  tasks.o(i.xTaskResumeAll)
    xTimerCreateTimerTask                    0x08004d65   Thumb Code    56  timers.o(i.xTimerCreateTimerTask)
    __aeabi_d2f                              0x08004dd9   Thumb Code     0  d2f.o(x$fpl$d2f)
    _d2f                                     0x08004dd9   Thumb Code    98  d2f.o(x$fpl$d2f)
    __aeabi_dadd                             0x08004e3d   Thumb Code     0  daddsub_clz.o(x$fpl$dadd)
    _dadd                                    0x08004e3d   Thumb Code   332  daddsub_clz.o(x$fpl$dadd)
    __fpl_dcheck_NaN1                        0x08004f8d   Thumb Code    10  dcheck1.o(x$fpl$dcheck1)
    __aeabi_ddiv                             0x08004f9d   Thumb Code     0  ddiv.o(x$fpl$ddiv)
    _ddiv                                    0x08004f9d   Thumb Code   552  ddiv.o(x$fpl$ddiv)
    __aeabi_d2iz                             0x0800524d   Thumb Code     0  dfix.o(x$fpl$dfix)
    _dfix                                    0x0800524d   Thumb Code    94  dfix.o(x$fpl$dfix)
    __aeabi_i2d                              0x080052ab   Thumb Code     0  dflt_clz.o(x$fpl$dflt)
    _dflt                                    0x080052ab   Thumb Code    46  dflt_clz.o(x$fpl$dflt)
    __aeabi_ui2d                             0x080052d9   Thumb Code     0  dflt_clz.o(x$fpl$dfltu)
    _dfltu                                   0x080052d9   Thumb Code    38  dflt_clz.o(x$fpl$dfltu)
    __aeabi_dmul                             0x08005301   Thumb Code     0  dmul.o(x$fpl$dmul)
    _dmul                                    0x08005301   Thumb Code   332  dmul.o(x$fpl$dmul)
    __fpl_dnaninf                            0x08005455   Thumb Code   156  dnaninf.o(x$fpl$dnaninf)
    __fpl_dretinf                            0x080054f1   Thumb Code    12  dretinf.o(x$fpl$dretinf)
    __aeabi_drsub                            0x080054fd   Thumb Code     0  daddsub_clz.o(x$fpl$drsb)
    _drsb                                    0x080054fd   Thumb Code    22  daddsub_clz.o(x$fpl$drsb)
    _dsqrt                                   0x08005515   Thumb Code   456  dsqrt_noumaal.o(x$fpl$dsqrt)
    __aeabi_dsub                             0x080056e1   Thumb Code     0  daddsub_clz.o(x$fpl$dsub)
    _dsub                                    0x080056e1   Thumb Code   464  daddsub_clz.o(x$fpl$dsub)
    __aeabi_f2d                              0x080058b5   Thumb Code     0  f2d.o(x$fpl$f2d)
    _f2d                                     0x080058b5   Thumb Code    86  f2d.o(x$fpl$f2d)
    __aeabi_fadd                             0x0800590d   Thumb Code     0  faddsub_clz.o(x$fpl$fadd)
    _fadd                                    0x0800590d   Thumb Code   196  faddsub_clz.o(x$fpl$fadd)
    __aeabi_fdiv                             0x080059d1   Thumb Code     0  fdiv.o(x$fpl$fdiv)
    _fdiv                                    0x080059d1   Thumb Code   384  fdiv.o(x$fpl$fdiv)
    __aeabi_f2uiz                            0x08005b55   Thumb Code     0  ffixu.o(x$fpl$ffixu)
    _ffixu                                   0x08005b55   Thumb Code    62  ffixu.o(x$fpl$ffixu)
    __aeabi_i2f                              0x08005b95   Thumb Code     0  fflt_clz.o(x$fpl$fflt)
    _fflt                                    0x08005b95   Thumb Code    48  fflt_clz.o(x$fpl$fflt)
    __aeabi_fmul                             0x08005bc5   Thumb Code     0  fmul.o(x$fpl$fmul)
    _fmul                                    0x08005bc5   Thumb Code   258  fmul.o(x$fpl$fmul)
    __fpl_fnaninf                            0x08005cc7   Thumb Code   140  fnaninf.o(x$fpl$fnaninf)
    __fpl_fretinf                            0x08005d53   Thumb Code    10  fretinf.o(x$fpl$fretinf)
    __aeabi_fsub                             0x08005d5d   Thumb Code     0  faddsub_clz.o(x$fpl$fsub)
    _fsub                                    0x08005d5d   Thumb Code   234  faddsub_clz.o(x$fpl$fsub)
    __fpl_return_NaN                         0x08005e47   Thumb Code   100  retnan.o(x$fpl$retnan)
    __ARM_scalbn                             0x08005eab   Thumb Code    92  scalbn.o(x$fpl$scalbn)
    __fpl_cmpreturn                          0x08005f07   Thumb Code    48  trapv.o(x$fpl$trapveneer)
    __I$use$fp                               0x08005f36   Number         0  usenofp.o(x$fpl$usenofp)
    Region$$Table$$Base                      0x08006058   Number         0  anon$$obj.o(Region$$Table)
    Region$$Table$$Limit                     0x08006078   Number         0  anon$$obj.o(Region$$Table)
    StartTask_Handler                        0x20000000   Data           4  main.o(.data)
    LED0Task_Handler                         0x20000004   Data           4  main.o(.data)
    LED1Task_Handler                         0x20000008   Data           4  main.o(.data)
    FFTTask_Handler                          0x2000000c   Data           4  main.o(.data)
    OLEDTask_Handler                         0x20000010   Data           4  main.o(.data)
    NPT_Cnt                                  0x20000014   Data           2  main.o(.data)
    FFT_Semaphore                            0x20000018   Data           4  main.o(.data)
    FFTMag_Semaphore                         0x2000001c   Data           4  main.o(.data)
    OLED_Semaphore                           0x20000020   Data           4  main.o(.data)
    SystemCoreClock                          0x20000024   Data           4  system_stm32f10x.o(.data)
    AHBPrescTable                            0x20000028   Data          16  system_stm32f10x.o(.data)
    FreeRTOSRunTimeTicks                     0x20000038   Data           8  timer.o(.data)
    fla                                      0x20000040   Data           4  timer.o(.data)
    __stdout                                 0x20000048   Data           4  usart.o(.data)
    USART_RX_STA                             0x2000004c   Data           2  usart.o(.data)
    pxCurrentTCB                             0x20000064   Data           4  tasks.o(.data)
    uxTopUsedPriority                        0x2000009c   Data           4  tasks.o(.data)
    IBufLedArray_tmp                         0x200000e4   Data         256  main.o(.bss)
    lBufInArray                              0x200001e4   Data        1024  dsp.o(.bss)
    lBufOutArray                             0x200005e4   Data         512  dsp.o(.bss)
    lBufMagArray                             0x200007e4   Data         512  dsp.o(.bss)
    USART_RX_BUF                             0x200009e4   Data         200  usart.o(.bss)
    xQueueRegistry                           0x20000aac   Data          64  queue.o(.bss)
    __libspace_start                         0x20005df8   Data          96  libspace.o(.bss)
    __temporary_stack_top$libspace           0x20005e58   Data           0  libspace.o(.bss)



==============================================================================

Memory Map of the image

  Image Entry point : 0x08000131

  Load Region LR_IROM1 (Base: 0x08000000, Size: 0x0000615c, Max: 0x00040000, ABSOLUTE)

    Execution Region ER_IROM1 (Exec base: 0x08000000, Load base: 0x08000000, Size: 0x00006078, Max: 0x00040000, ABSOLUTE)

    Exec Addr    Load Addr    Size         Type   Attr      Idx    E Section Name        Object

    0x08000000   0x08000000   0x00000130   Data   RO          763    RESET               startup_stm32f10x_hd.o
    0x08000130   0x08000130   0x00000008   Code   RO         3533  * !!!main             c_w.l(__main.o)
    0x08000138   0x08000138   0x00000034   Code   RO         3835    !!!scatter          c_w.l(__scatter.o)
    0x0800016c   0x0800016c   0x0000001a   Code   RO         3837    !!handler_copy      c_w.l(__scatter_copy.o)
    0x08000186   0x08000186   0x00000002   PAD
    0x08000188   0x08000188   0x0000001c   Code   RO         3839    !!handler_zi        c_w.l(__scatter_zi.o)
    0x080001a4   0x080001a4   0x00000000   Code   RO         3518    .ARM.Collect$$_printf_percent$$00000000  c_w.l(_printf_percent.o)
    0x080001a4   0x080001a4   0x00000006   Code   RO         3516    .ARM.Collect$$_printf_percent$$00000009  c_w.l(_printf_d.o)
    0x080001aa   0x080001aa   0x00000006   Code   RO         3515    .ARM.Collect$$_printf_percent$$00000014  c_w.l(_printf_s.o)
    0x080001b0   0x080001b0   0x00000004   Code   RO         3614    .ARM.Collect$$_printf_percent$$00000017  c_w.l(_printf_percent_end.o)
    0x080001b4   0x080001b4   0x00000002   Code   RO         3706    .ARM.Collect$$libinit$$00000000  c_w.l(libinit.o)
    0x080001b6   0x080001b6   0x00000000   Code   RO         3712    .ARM.Collect$$libinit$$00000002  c_w.l(libinit2.o)
    0x080001b6   0x080001b6   0x00000000   Code   RO         3714    .ARM.Collect$$libinit$$00000004  c_w.l(libinit2.o)
    0x080001b6   0x080001b6   0x00000000   Code   RO         3717    .ARM.Collect$$libinit$$0000000A  c_w.l(libinit2.o)
    0x080001b6   0x080001b6   0x00000000   Code   RO         3719    .ARM.Collect$$libinit$$0000000C  c_w.l(libinit2.o)
    0x080001b6   0x080001b6   0x00000000   Code   RO         3721    .ARM.Collect$$libinit$$0000000E  c_w.l(libinit2.o)
    0x080001b6   0x080001b6   0x00000000   Code   RO         3724    .ARM.Collect$$libinit$$00000011  c_w.l(libinit2.o)
    0x080001b6   0x080001b6   0x00000000   Code   RO         3726    .ARM.Collect$$libinit$$00000013  c_w.l(libinit2.o)
    0x080001b6   0x080001b6   0x00000000   Code   RO         3728    .ARM.Collect$$libinit$$00000015  c_w.l(libinit2.o)
    0x080001b6   0x080001b6   0x00000000   Code   RO         3730    .ARM.Collect$$libinit$$00000017  c_w.l(libinit2.o)
    0x080001b6   0x080001b6   0x00000000   Code   RO         3732    .ARM.Collect$$libinit$$00000019  c_w.l(libinit2.o)
    0x080001b6   0x080001b6   0x00000000   Code   RO         3734    .ARM.Collect$$libinit$$0000001B  c_w.l(libinit2.o)
    0x080001b6   0x080001b6   0x00000000   Code   RO         3736    .ARM.Collect$$libinit$$0000001D  c_w.l(libinit2.o)
    0x080001b6   0x080001b6   0x00000000   Code   RO         3738    .ARM.Collect$$libinit$$0000001F  c_w.l(libinit2.o)
    0x080001b6   0x080001b6   0x00000000   Code   RO         3740    .ARM.Collect$$libinit$$00000021  c_w.l(libinit2.o)
    0x080001b6   0x080001b6   0x00000000   Code   RO         3742    .ARM.Collect$$libinit$$00000023  c_w.l(libinit2.o)
    0x080001b6   0x080001b6   0x00000000   Code   RO         3744    .ARM.Collect$$libinit$$00000025  c_w.l(libinit2.o)
    0x080001b6   0x080001b6   0x00000000   Code   RO         3748    .ARM.Collect$$libinit$$0000002C  c_w.l(libinit2.o)
    0x080001b6   0x080001b6   0x00000000   Code   RO         3750    .ARM.Collect$$libinit$$0000002E  c_w.l(libinit2.o)
    0x080001b6   0x080001b6   0x00000000   Code   RO         3752    .ARM.Collect$$libinit$$00000030  c_w.l(libinit2.o)
    0x080001b6   0x080001b6   0x00000000   Code   RO         3754    .ARM.Collect$$libinit$$00000032  c_w.l(libinit2.o)
    0x080001b6   0x080001b6   0x00000002   Code   RO         3755    .ARM.Collect$$libinit$$00000033  c_w.l(libinit2.o)
    0x080001b8   0x080001b8   0x00000002   Code   RO         3777    .ARM.Collect$$libshutdown$$00000000  c_w.l(libshutdown.o)
    0x080001ba   0x080001ba   0x00000000   Code   RO         3787    .ARM.Collect$$libshutdown$$00000002  c_w.l(libshutdown2.o)
    0x080001ba   0x080001ba   0x00000000   Code   RO         3789    .ARM.Collect$$libshutdown$$00000004  c_w.l(libshutdown2.o)
    0x080001ba   0x080001ba   0x00000000   Code   RO         3792    .ARM.Collect$$libshutdown$$00000007  c_w.l(libshutdown2.o)
    0x080001ba   0x080001ba   0x00000000   Code   RO         3795    .ARM.Collect$$libshutdown$$0000000A  c_w.l(libshutdown2.o)
    0x080001ba   0x080001ba   0x00000000   Code   RO         3797    .ARM.Collect$$libshutdown$$0000000C  c_w.l(libshutdown2.o)
    0x080001ba   0x080001ba   0x00000000   Code   RO         3800    .ARM.Collect$$libshutdown$$0000000F  c_w.l(libshutdown2.o)
    0x080001ba   0x080001ba   0x00000002   Code   RO         3801    .ARM.Collect$$libshutdown$$00000010  c_w.l(libshutdown2.o)
    0x080001bc   0x080001bc   0x00000000   Code   RO         3601    .ARM.Collect$$rtentry$$00000000  c_w.l(__rtentry.o)
    0x080001bc   0x080001bc   0x00000000   Code   RO         3661    .ARM.Collect$$rtentry$$00000002  c_w.l(__rtentry2.o)
    0x080001bc   0x080001bc   0x00000006   Code   RO         3673    .ARM.Collect$$rtentry$$00000004  c_w.l(__rtentry4.o)
    0x080001c2   0x080001c2   0x00000000   Code   RO         3663    .ARM.Collect$$rtentry$$00000009  c_w.l(__rtentry2.o)
    0x080001c2   0x080001c2   0x00000004   Code   RO         3664    .ARM.Collect$$rtentry$$0000000A  c_w.l(__rtentry2.o)
    0x080001c6   0x080001c6   0x00000000   Code   RO         3666    .ARM.Collect$$rtentry$$0000000C  c_w.l(__rtentry2.o)
    0x080001c6   0x080001c6   0x00000008   Code   RO         3667    .ARM.Collect$$rtentry$$0000000D  c_w.l(__rtentry2.o)
    0x080001ce   0x080001ce   0x00000002   Code   RO         3709    .ARM.Collect$$rtexit$$00000000  c_w.l(rtexit.o)
    0x080001d0   0x080001d0   0x00000000   Code   RO         3759    .ARM.Collect$$rtexit$$00000002  c_w.l(rtexit2.o)
    0x080001d0   0x080001d0   0x00000004   Code   RO         3760    .ARM.Collect$$rtexit$$00000003  c_w.l(rtexit2.o)
    0x080001d4   0x080001d4   0x00000006   Code   RO         3761    .ARM.Collect$$rtexit$$00000004  c_w.l(rtexit2.o)
    0x080001da   0x080001da   0x00000002   PAD
    0x080001dc   0x080001dc   0x00000096   Code   RO         3391    .emb_text           port.o
    0x08000272   0x08000272   0x00000002   PAD
    0x08000274   0x08000274   0x00000040   Code   RO          764    .text               startup_stm32f10x_hd.o
    0x080002b4   0x080002b4   0x000005de   Code   RO         3468    .text               cr4_fft_256_stm32.o
    0x08000892   0x08000892   0x00000002   Code   RO         3476    .text               c_w.l(use_no_semi_2.o)
    0x08000894   0x08000894   0x00000018   Code   RO         3482    .text               c_w.l(noretval__2printf.o)
    0x080008ac   0x080008ac   0x0000004e   Code   RO         3488    .text               c_w.l(_printf_pad.o)
    0x080008fa   0x080008fa   0x00000052   Code   RO         3490    .text               c_w.l(_printf_str.o)
    0x0800094c   0x0800094c   0x00000078   Code   RO         3492    .text               c_w.l(_printf_dec.o)
    0x080009c4   0x080009c4   0x0000010e   Code   RO         3502    .text               c_w.l(__printf_wp.o)
    0x08000ad2   0x08000ad2   0x0000008a   Code   RO         3523    .text               c_w.l(rt_memcpy_v6.o)
    0x08000b5c   0x08000b5c   0x00000010   Code   RO         3527    .text               c_w.l(aeabi_memset.o)
    0x08000b6c   0x08000b6c   0x0000004e   Code   RO         3529    .text               c_w.l(rt_memclr_w.o)
    0x08000bba   0x08000bba   0x00000006   Code   RO         3531    .text               c_w.l(heapauxi.o)
    0x08000bc0   0x08000bc0   0x00000002   Code   RO         3599    .text               c_w.l(use_no_semi.o)
    0x08000bc2   0x08000bc2   0x00000016   Code   RO         3602    .text               c_w.l(_rserrno.o)
    0x08000bd8   0x08000bd8   0x000000b2   Code   RO         3604    .text               c_w.l(_printf_intcommon.o)
    0x08000c8a   0x08000c8a   0x00000002   PAD
    0x08000c8c   0x08000c8c   0x00000030   Code   RO         3606    .text               c_w.l(_printf_char_common.o)
    0x08000cbc   0x08000cbc   0x0000002c   Code   RO         3610    .text               c_w.l(_printf_char.o)
    0x08000ce8   0x08000ce8   0x00000024   Code   RO         3612    .text               c_w.l(_printf_char_file.o)
    0x08000d0c   0x08000d0c   0x00000064   Code   RO         3615    .text               c_w.l(rt_memcpy_w.o)
    0x08000d70   0x08000d70   0x00000044   Code   RO         3617    .text               c_w.l(rt_memclr.o)
    0x08000db4   0x08000db4   0x00000008   Code   RO         3678    .text               c_w.l(rt_errno_addr_intlibspace.o)
    0x08000dbc   0x08000dbc   0x00000008   Code   RO         3682    .text               c_w.l(ferror.o)
    0x08000dc4   0x08000dc4   0x00000008   Code   RO         3694    .text               c_w.l(libspace.o)
    0x08000dcc   0x08000dcc   0x0000004a   Code   RO         3697    .text               c_w.l(sys_stackheap_outer.o)
    0x08000e16   0x08000e16   0x00000012   Code   RO         3699    .text               c_w.l(exit.o)
    0x08000e28   0x08000e28   0x0000007c   Code   RO          520    i.ALL_NVIC_Configuration  timer.o
    0x08000ea4   0x08000ea4   0x0000001e   Code   RO          521    i.AllClock_Init     timer.o
    0x08000ec2   0x08000ec2   0x00000004   Code   RO          216    i.BusFault_Handler  stm32f10x_it.o
    0x08000ec6   0x08000ec6   0x00000002   Code   RO          217    i.DebugMon_Handler  stm32f10x_it.o
    0x08000ec8   0x08000ec8   0x00000078   Code   RO            1    i.FFT_task          main.o
    0x08000f40   0x08000f40   0x00000116   Code   RO          774    i.GPIO_Init         stm32f10x_gpio.o
    0x08001056   0x08001056   0x00000004   Code   RO          781    i.GPIO_ResetBits    stm32f10x_gpio.o
    0x0800105a   0x0800105a   0x00000004   Code   RO          782    i.GPIO_SetBits      stm32f10x_gpio.o
    0x0800105e   0x0800105e   0x00000002   PAD
    0x08001060   0x08001060   0x000000e0   Code   RO          600    i.GetPowerMag       dsp.o
    0x08001140   0x08001140   0x00000004   Code   RO          218    i.HardFault_Handler  stm32f10x_it.o
    0x08001144   0x08001144   0x00000028   Code   RO          359    i.IIC_Start         oled.o
    0x0800116c   0x0800116c   0x00000020   Code   RO          360    i.IIC_Stop          oled.o
    0x0800118c   0x0800118c   0x00000018   Code   RO          361    i.IIC_Wait_Ack      oled.o
    0x080011a4   0x080011a4   0x000001bc   Code   RO          601    i.InitBufInArray    dsp.o
    0x08001360   0x08001360   0x00000050   Code   RO          321    i.LED_Init          led.o
    0x080013b0   0x080013b0   0x00000004   Code   RO          219    i.MemManage_Handler  stm32f10x_it.o
    0x080013b4   0x080013b4   0x00000002   Code   RO          220    i.NMI_Handler       stm32f10x_it.o
    0x080013b6   0x080013b6   0x00000002   PAD
    0x080013b8   0x080013b8   0x00000070   Code   RO         1262    i.NVIC_Init         misc.o
    0x08001428   0x08001428   0x00000014   Code   RO         1263    i.NVIC_PriorityGroupConfig  misc.o
    0x0800143c   0x0800143c   0x0000003e   Code   RO          362    i.OLED_Clear        oled.o
    0x0800147a   0x0800147a   0x00000002   PAD
    0x0800147c   0x0800147c   0x00000110   Code   RO          367    i.OLED_Init         oled.o
    0x0800158c   0x0800158c   0x00000028   Code   RO          369    i.OLED_Set_Pos      oled.o
    0x080015b4   0x080015b4   0x00000018   Code   RO          374    i.OLED_WR_Byte      oled.o
    0x080015cc   0x080015cc   0x00000020   Code   RO          883    i.RCC_AHBPeriphClockCmd  stm32f10x_rcc.o
    0x080015ec   0x080015ec   0x00000020   Code   RO          884    i.RCC_APB1PeriphClockCmd  stm32f10x_rcc.o
    0x0800160c   0x0800160c   0x00000020   Code   RO          886    i.RCC_APB2PeriphClockCmd  stm32f10x_rcc.o
    0x0800162c   0x0800162c   0x000000d4   Code   RO          894    i.RCC_GetClocksFreq  stm32f10x_rcc.o
    0x08001700   0x08001700   0x00000008   Code   RO          287    i.SetSysClock       system_stm32f10x.o
    0x08001708   0x08001708   0x000000e0   Code   RO          288    i.SetSysClockTo72   system_stm32f10x.o
    0x080017e8   0x080017e8   0x00000028   Code   RO         1266    i.SysTick_CLKSourceConfig  misc.o
    0x08001810   0x08001810   0x00000010   Code   RO          624    i.SysTick_Handler   delay.o
    0x08001820   0x08001820   0x00000060   Code   RO          290    i.SystemInit        system_stm32f10x.o
    0x08001880   0x08001880   0x00000030   Code   RO          524    i.TIM2_IRQHandler   timer.o
    0x080018b0   0x080018b0   0x00000030   Code   RO          526    i.TIM3_IRQHandler   timer.o
    0x080018e0   0x080018e0   0x00000038   Code   RO          528    i.TIM4_IRQHandler   timer.o
    0x08001918   0x08001918   0x00000006   Code   RO         1681    i.TIM_ClearITPendingBit  stm32f10x_tim.o
    0x0800191e   0x0800191e   0x00000022   Code   RO         1707    i.TIM_GetITStatus   stm32f10x_tim.o
    0x08001940   0x08001940   0x00000088   Code   RO          704    i.USART1_IRQHandler  usart.o
    0x080019c8   0x080019c8   0x00000018   Code   RO         1086    i.USART_Cmd         stm32f10x_usart.o
    0x080019e0   0x080019e0   0x00000054   Code   RO         1090    i.USART_GetITStatus  stm32f10x_usart.o
    0x08001a34   0x08001a34   0x0000004a   Code   RO         1092    i.USART_ITConfig    stm32f10x_usart.o
    0x08001a7e   0x08001a7e   0x00000002   PAD
    0x08001a80   0x08001a80   0x000000d8   Code   RO         1093    i.USART_Init        stm32f10x_usart.o
    0x08001b58   0x08001b58   0x0000000a   Code   RO         1100    i.USART_ReceiveData  stm32f10x_usart.o
    0x08001b62   0x08001b62   0x00000004   Code   RO          221    i.UsageFault_Handler  stm32f10x_it.o
    0x08001b66   0x08001b66   0x00000002   PAD
    0x08001b68   0x08001b68   0x00000054   Code   RO          375    i.Write_IIC_Byte    oled.o
    0x08001bbc   0x08001bbc   0x0000002c   Code   RO          376    i.Write_IIC_Command  oled.o
    0x08001be8   0x08001be8   0x0000002c   Code   RO          377    i.Write_IIC_Data    oled.o
    0x08001c14   0x08001c14   0x00000028   Code   RO         3690    i.__ARM_fpclassify  m_ws.l(fpclassify.o)
    0x08001c3c   0x08001c3c   0x00000388   Code   RO         3649    i.__ieee754_rem_pio2  m_ws.l(rred.o)
    0x08001fc4   0x08001fc4   0x000000fc   Code   RO         3632    i.__kernel_cos      m_ws.l(cos_i.o)
    0x080020c0   0x080020c0   0x000000aa   Code   RO         3692    i.__kernel_poly     m_ws.l(poly.o)
    0x0800216a   0x0800216a   0x00000002   PAD
    0x0800216c   0x0800216c   0x000000ec   Code   RO         3654    i.__kernel_sin      m_ws.l(sin_i.o)
    0x08002258   0x08002258   0x00000006   Code   RO         3636    i.__mathlib_dbl_infnan  m_ws.l(dunder.o)
    0x0800225e   0x0800225e   0x0000000c   Code   RO         3638    i.__mathlib_dbl_invalid  m_ws.l(dunder.o)
    0x0800226a   0x0800226a   0x00000002   PAD
    0x0800226c   0x0800226c   0x00000010   Code   RO         3641    i.__mathlib_dbl_underflow  m_ws.l(dunder.o)
    0x0800227c   0x0800227c   0x0000000e   Code   RO         3504    i._is_digit         c_w.l(__printf_wp.o)
    0x0800228a   0x0800228a   0x00000004   Code   RO          705    i._sys_exit         usart.o
    0x0800228e   0x0800228e   0x00000002   PAD
    0x08002290   0x08002290   0x0000005c   Code   RO          625    i.delay_init        delay.o
    0x080022ec   0x080022ec   0x00000040   Code   RO          626    i.delay_ms          delay.o
    0x0800232c   0x0800232c   0x00000048   Code   RO          627    i.delay_us          delay.o
    0x08002374   0x08002374   0x00000018   Code   RO          628    i.delay_xms         delay.o
    0x0800238c   0x0800238c   0x0000001c   Code   RO          706    i.fputc             usart.o
    0x080023a8   0x080023a8   0x00000020   Code   RO            2    i.led0_task         main.o
    0x080023c8   0x080023c8   0x0000006c   Code   RO            4    i.main              main.o
    0x08002434   0x08002434   0x00000078   Code   RO          381    i.oled_draw_line    oled.o
    0x080024ac   0x080024ac   0x00000138   Code   RO            5    i.oled_task         main.o
    0x080025e4   0x080025e4   0x000000c0   Code   RO         2790    i.prvAddCurrentTaskToDelayedList  tasks.o
    0x080026a4   0x080026a4   0x000000ec   Code   RO         2791    i.prvAddNewTaskToReadyList  tasks.o
    0x08002790   0x08002790   0x00000064   Code   RO         3174    i.prvCheckForValidListAndQueue  timers.o
    0x080027f4   0x080027f4   0x00000048   Code   RO         2792    i.prvCheckTasksWaitingTermination  tasks.o
    0x0800283c   0x0800283c   0x0000002a   Code   RO         2384    i.prvCopyDataFromQueue  queue.o
    0x08002866   0x08002866   0x0000007e   Code   RO         2385    i.prvCopyDataToQueue  queue.o
    0x080028e4   0x080028e4   0x00000012   Code   RO         2793    i.prvDeleteTCB      tasks.o
    0x080028f6   0x080028f6   0x00000014   Code   RO         2386    i.prvGetDisinheritPriorityAfterTimeout  queue.o
    0x0800290a   0x0800290a   0x00000002   PAD
    0x0800290c   0x0800290c   0x00000028   Code   RO         3175    i.prvGetNextExpireTime  timers.o
    0x08002934   0x08002934   0x0000007c   Code   RO         3336    i.prvHeapInit       heap_4.o
    0x080029b0   0x080029b0   0x00000028   Code   RO         2794    i.prvIdleTask       tasks.o
    0x080029d8   0x080029d8   0x0000002e   Code   RO         2388    i.prvInitialiseNewQueue  queue.o
    0x08002a06   0x08002a06   0x00000002   PAD
    0x08002a08   0x08002a08   0x000000f0   Code   RO         2795    i.prvInitialiseNewTask  tasks.o
    0x08002af8   0x08002af8   0x00000068   Code   RO         2796    i.prvInitialiseTaskLists  tasks.o
    0x08002b60   0x08002b60   0x00000068   Code   RO         3337    i.prvInsertBlockIntoFreeList  heap_4.o
    0x08002bc8   0x08002bc8   0x00000058   Code   RO         3177    i.prvInsertTimerInActiveList  timers.o
    0x08002c20   0x08002c20   0x0000001a   Code   RO         2389    i.prvIsQueueEmpty   queue.o
    0x08002c3a   0x08002c3a   0x0000001e   Code   RO         2390    i.prvIsQueueFull    queue.o
    0x08002c58   0x08002c58   0x000000b4   Code   RO         2391    i.prvNotifyQueueSetContainer  queue.o
    0x08002d0c   0x08002d0c   0x00000044   Code   RO         3178    i.prvProcessExpiredTimer  timers.o
    0x08002d50   0x08002d50   0x00000160   Code   RO         3179    i.prvProcessReceivedCommands  timers.o
    0x08002eb0   0x08002eb0   0x00000074   Code   RO         3180    i.prvProcessTimerOrBlockTask  timers.o
    0x08002f24   0x08002f24   0x00000028   Code   RO         3181    i.prvReloadTimer    timers.o
    0x08002f4c   0x08002f4c   0x00000030   Code   RO         2798    i.prvResetNextTaskUnblockTime  tasks.o
    0x08002f7c   0x08002f7c   0x0000002c   Code   RO         3182    i.prvSampleTimeNow  timers.o
    0x08002fa8   0x08002fa8   0x00000044   Code   RO         3183    i.prvSwitchTimerLists  timers.o
    0x08002fec   0x08002fec   0x00000070   Code   RO         3392    i.prvTaskExitError  port.o
    0x0800305c   0x0800305c   0x0000001a   Code   RO         3184    i.prvTimerTask      timers.o
    0x08003076   0x08003076   0x00000090   Code   RO         2392    i.prvUnlockQueue    queue.o
    0x08003106   0x08003106   0x00000002   PAD
    0x08003108   0x08003108   0x00000180   Code   RO         3338    i.pvPortMalloc      heap_4.o
    0x08003288   0x08003288   0x00000020   Code   RO         2802    i.pvTaskIncrementMutexHeldCount  tasks.o
    0x080032a8   0x080032a8   0x00000024   Code   RO         3393    i.pxPortInitialiseStack  port.o
    0x080032cc   0x080032cc   0x000000a0   Code   RO         3584    i.sin               m_ws.l(sin.o)
    0x0800336c   0x0800336c   0x0000004c   Code   RO         3592    i.sqrt              m_ws.l(sqrt.o)
    0x080033b8   0x080033b8   0x00000128   Code   RO            6    i.start_task        main.o
    0x080034e0   0x080034e0   0x000000a0   Code   RO          707    i.uart_init         usart.o
    0x08003580   0x08003580   0x00000028   Code   RO         2344    i.uxListRemove      list.o
    0x080035a8   0x080035a8   0x0000001a   Code   RO         2345    i.vListInitialise   list.o
    0x080035c2   0x080035c2   0x00000006   Code   RO         2346    i.vListInitialiseItem  list.o
    0x080035c8   0x080035c8   0x00000034   Code   RO         2347    i.vListInsert       list.o
    0x080035fc   0x080035fc   0x00000018   Code   RO         2348    i.vListInsertEnd    list.o
    0x08003614   0x08003614   0x00000088   Code   RO         3395    i.vPortEnterCritical  port.o
    0x0800369c   0x0800369c   0x00000070   Code   RO         3396    i.vPortExitCritical  port.o
    0x0800370c   0x0800370c   0x000000c8   Code   RO         3339    i.vPortFree         heap_4.o
    0x080037d4   0x080037d4   0x00000028   Code   RO         3397    i.vPortSetupTimerInterrupt  port.o
    0x080037fc   0x080037fc   0x0000007c   Code   RO         2398    i.vQueueAddToRegistry  queue.o
    0x08003878   0x08003878   0x0000004a   Code   RO         2402    i.vQueueWaitForMessageRestricted  queue.o
    0x080038c2   0x080038c2   0x00000002   PAD
    0x080038c4   0x080038c4   0x00000074   Code   RO         2811    i.vTaskDelay        tasks.o
    0x08003938   0x08003938   0x00000114   Code   RO         2812    i.vTaskDelete       tasks.o
    0x08003a4c   0x08003a4c   0x00000018   Code   RO         2816    i.vTaskInternalSetTimeOutState  tasks.o
    0x08003a64   0x08003a64   0x0000000c   Code   RO         2818    i.vTaskMissedYield  tasks.o
    0x08003a70   0x08003a70   0x00000054   Code   RO         2819    i.vTaskPlaceOnEventList  tasks.o
    0x08003ac4   0x08003ac4   0x0000007c   Code   RO         2820    i.vTaskPlaceOnEventListRestricted  tasks.o
    0x08003b40   0x08003b40   0x00000128   Code   RO         2822    i.vTaskPriorityDisinheritAfterTimeout  tasks.o
    0x08003c68   0x08003c68   0x000000b4   Code   RO         2828    i.vTaskStartScheduler  tasks.o
    0x08003d1c   0x08003d1c   0x00000010   Code   RO         2830    i.vTaskSuspendAll   tasks.o
    0x08003d2c   0x08003d2c   0x000000a8   Code   RO         2831    i.vTaskSwitchContext  tasks.o
    0x08003dd4   0x08003dd4   0x00000140   Code   RO         3399    i.xPortStartScheduler  port.o
    0x08003f14   0x08003f14   0x00000034   Code   RO         3400    i.xPortSysTickHandler  port.o
    0x08003f48   0x08003f48   0x00000080   Code   RO         2407    i.xQueueGenericCreate  queue.o
    0x08003fc8   0x08003fc8   0x000000ec   Code   RO         2408    i.xQueueGenericReset  queue.o
    0x080040b4   0x080040b4   0x000001d4   Code   RO         2409    i.xQueueGenericSend  queue.o
    0x08004288   0x08004288   0x00000170   Code   RO         2417    i.xQueueReceive     queue.o
    0x080043f8   0x080043f8   0x000001b4   Code   RO         2422    i.xQueueSemaphoreTake  queue.o
    0x080045ac   0x080045ac   0x000000a0   Code   RO         2833    i.xTaskCheckForTimeOut  tasks.o
    0x0800464c   0x0800464c   0x00000060   Code   RO         2834    i.xTaskCreate       tasks.o
    0x080046ac   0x080046ac   0x00000020   Code   RO         2841    i.xTaskGetSchedulerState  tasks.o
    0x080046cc   0x080046cc   0x0000000c   Code   RO         2842    i.xTaskGetTickCount  tasks.o
    0x080046d8   0x080046d8   0x000001d4   Code   RO         2844    i.xTaskIncrementTick  tasks.o
    0x080048ac   0x080048ac   0x00000100   Code   RO         2845    i.xTaskPriorityDisinherit  tasks.o
    0x080049ac   0x080049ac   0x000000ec   Code   RO         2846    i.xTaskPriorityInherit  tasks.o
    0x08004a98   0x08004a98   0x0000013c   Code   RO         2847    i.xTaskRemoveFromEventList  tasks.o
    0x08004bd4   0x08004bd4   0x00000190   Code   RO         2848    i.xTaskResumeAll    tasks.o
    0x08004d64   0x08004d64   0x00000074   Code   RO         3192    i.xTimerCreateTimerTask  timers.o
    0x08004dd8   0x08004dd8   0x00000062   Code   RO         3535    x$fpl$d2f           fz_ws.l(d2f.o)
    0x08004e3a   0x08004e3a   0x00000002   PAD
    0x08004e3c   0x08004e3c   0x00000150   Code   RO         3537    x$fpl$dadd          fz_ws.l(daddsub_clz.o)
    0x08004f8c   0x08004f8c   0x00000010   Code   RO         3707    x$fpl$dcheck1       fz_ws.l(dcheck1.o)
    0x08004f9c   0x08004f9c   0x000002b0   Code   RO         3544    x$fpl$ddiv          fz_ws.l(ddiv.o)
    0x0800524c   0x0800524c   0x0000005e   Code   RO         3547    x$fpl$dfix          fz_ws.l(dfix.o)
    0x080052aa   0x080052aa   0x0000002e   Code   RO         3552    x$fpl$dflt          fz_ws.l(dflt_clz.o)
    0x080052d8   0x080052d8   0x00000026   Code   RO         3551    x$fpl$dfltu         fz_ws.l(dflt_clz.o)
    0x080052fe   0x080052fe   0x00000002   PAD
    0x08005300   0x08005300   0x00000154   Code   RO         3557    x$fpl$dmul          fz_ws.l(dmul.o)
    0x08005454   0x08005454   0x0000009c   Code   RO         3621    x$fpl$dnaninf       fz_ws.l(dnaninf.o)
    0x080054f0   0x080054f0   0x0000000c   Code   RO         3623    x$fpl$dretinf       fz_ws.l(dretinf.o)
    0x080054fc   0x080054fc   0x00000016   Code   RO         3538    x$fpl$drsb          fz_ws.l(daddsub_clz.o)
    0x08005512   0x08005512   0x00000002   PAD
    0x08005514   0x08005514   0x000001cc   Code   RO         3625    x$fpl$dsqrt         fz_ws.l(dsqrt_noumaal.o)
    0x080056e0   0x080056e0   0x000001d4   Code   RO         3539    x$fpl$dsub          fz_ws.l(daddsub_clz.o)
    0x080058b4   0x080058b4   0x00000056   Code   RO         3559    x$fpl$f2d           fz_ws.l(f2d.o)
    0x0800590a   0x0800590a   0x00000002   PAD
    0x0800590c   0x0800590c   0x000000c4   Code   RO         3561    x$fpl$fadd          fz_ws.l(faddsub_clz.o)
    0x080059d0   0x080059d0   0x00000184   Code   RO         3568    x$fpl$fdiv          fz_ws.l(fdiv.o)
    0x08005b54   0x08005b54   0x0000003e   Code   RO         3571    x$fpl$ffixu         fz_ws.l(ffixu.o)
    0x08005b92   0x08005b92   0x00000002   PAD
    0x08005b94   0x08005b94   0x00000030   Code   RO         3576    x$fpl$fflt          fz_ws.l(fflt_clz.o)
    0x08005bc4   0x08005bc4   0x00000102   Code   RO         3581    x$fpl$fmul          fz_ws.l(fmul.o)
    0x08005cc6   0x08005cc6   0x0000008c   Code   RO         3627    x$fpl$fnaninf       fz_ws.l(fnaninf.o)
    0x08005d52   0x08005d52   0x0000000a   Code   RO         3629    x$fpl$fretinf       fz_ws.l(fretinf.o)
    0x08005d5c   0x08005d5c   0x000000ea   Code   RO         3563    x$fpl$fsub          fz_ws.l(faddsub_clz.o)
    0x08005e46   0x08005e46   0x00000064   Code   RO         3756    x$fpl$retnan        fz_ws.l(retnan.o)
    0x08005eaa   0x08005eaa   0x0000005c   Code   RO         3688    x$fpl$scalbn        fz_ws.l(scalbn.o)
    0x08005f06   0x08005f06   0x00000030   Code   RO         3769    x$fpl$trapveneer    fz_ws.l(trapv.o)
    0x08005f36   0x08005f36   0x00000000   Code   RO         3631    x$fpl$usenofp       fz_ws.l(usenofp.o)
    0x08005f36   0x08005f36   0x00000002   PAD
    0x08005f38   0x08005f38   0x00000030   Data   RO         3633    .constdata          m_ws.l(cos_i.o)
    0x08005f68   0x08005f68   0x000000c8   Data   RO         3651    .constdata          m_ws.l(rred.o)
    0x08006030   0x08006030   0x00000028   Data   RO         3655    .constdata          m_ws.l(sin_i.o)
    0x08006058   0x08006058   0x00000020   Data   RO         3833    Region$$Table       anon$$obj.o


    Execution Region RW_IRAM1 (Exec base: 0x20000000, Load base: 0x08006078, Size: 0x00006458, Max: 0x0000c000, ABSOLUTE)

    Exec Addr    Load Addr    Size         Type   Attr      Idx    E Section Name        Object

    0x20000000   0x08006078   0x00000024   Data   RW            8    .data               main.o
    0x20000024   0x0800609c   0x00000014   Data   RW          291    .data               system_stm32f10x.o
    0x20000038   0x080060b0   0x0000000c   Data   RW          529    .data               timer.o
    0x20000044   0x080060bc   0x00000004   Data   RW          629    .data               delay.o
    0x20000048   0x080060c0   0x00000006   Data   RW          709    .data               usart.o
    0x2000004e   0x080060c6   0x00000014   Data   RW          914    .data               stm32f10x_rcc.o
    0x20000062   0x080060da   0x00000002   PAD
    0x20000064   0x080060dc   0x00000040   Data   RW         2851    .data               tasks.o
    0x200000a4   0x0800611c   0x00000014   Data   RW         3201    .data               timers.o
    0x200000b8   0x08006130   0x00000020   Data   RW         3345    .data               heap_4.o
    0x200000d8   0x08006150   0x0000000c   Data   RW         3401    .data               port.o
    0x200000e4        -       0x00000100   Zero   RW            7    .bss                main.o
    0x200001e4        -       0x00000800   Zero   RW          602    .bss                dsp.o
    0x200009e4        -       0x000000c8   Zero   RW          708    .bss                usart.o
    0x20000aac        -       0x00000040   Zero   RW         2424    .bss                queue.o
    0x20000aec        -       0x000002e4   Zero   RW         2850    .bss                tasks.o
    0x20000dd0        -       0x00000028   Zero   RW         3200    .bss                timers.o
    0x20000df8        -       0x00005000   Zero   RW         3344    .bss                heap_4.o
    0x20005df8        -       0x00000060   Zero   RW         3695    .bss                c_w.l(libspace.o)
    0x20005e58        -       0x00000200   Zero   RW          762    HEAP                startup_stm32f10x_hd.o
    0x20006058        -       0x00000400   Zero   RW          761    STACK               startup_stm32f10x_hd.o


==============================================================================

Image component sizes


      Code (inc. data)   RO Data    RW Data    ZI Data      Debug   Object Name

      1502       1008          0          0          0        284   cr4_fft_256_stm32.o
       268         26          0          4          0       2673   delay.o
       668         68          0          0       2048       1771   dsp.o
         0          0          0          0          0      13016   event_groups.o
       812        186          0         32      20480       3783   heap_4.o
        80          8          0          0          0        471   led.o
       148          0          0          0          0       2942   list.o
       868        328          0         36        256     275017   main.o
       172         22          0          0          0       1937   misc.o
       786         20          0          0          0       7272   oled.o
       958        304          0         12          0       9184   port.o
      2448        282          0          0         64      15333   queue.o
        64         26        304          0       1536        880   startup_stm32f10x_hd.o
       286          0          0          0          0       2916   stm32f10x_gpio.o
        20          0          0          0          0       2297   stm32f10x_it.o
       308         38          0         20          0       4826   stm32f10x_rcc.o
        40          0          0          0          0       1662   stm32f10x_tim.o
       408          6          0          0          0       4814   stm32f10x_usart.o
         0          0          0          0          0         32   sys.o
       328         28          0         20          0       1937   system_stm32f10x.o
      4254        890          0         64        740      33747   tasks.o
       306         36          0         12          0       2638   timer.o
      1058        190          0         20         40      10324   timers.o
       328         26          0          6        200       3980   usart.o

    ----------------------------------------------------------------------
     16132       3492        336        228      25364     403736   Object Totals
         0          0         32          0          0          0   (incl. Generated)
        22          0          0          2          0          0   (incl. Padding)

    ----------------------------------------------------------------------

      Code (inc. data)   RO Data    RW Data    ZI Data      Debug   Library Member Name

         8          0          0          0          0         68   __main.o
       284          0          0          0          0        156   __printf_wp.o
         0          0          0          0          0          0   __rtentry.o
        12          0          0          0          0          0   __rtentry2.o
         6          0          0          0          0          0   __rtentry4.o
        52          8          0          0          0          0   __scatter.o
        26          0          0          0          0          0   __scatter_copy.o
        28          0          0          0          0          0   __scatter_zi.o
        44          0          0          0          0        108   _printf_char.o
        48          6          0          0          0         96   _printf_char_common.o
        36          4          0          0          0         80   _printf_char_file.o
         6          0          0          0          0          0   _printf_d.o
       120         16          0          0          0         92   _printf_dec.o
       178          0          0          0          0         88   _printf_intcommon.o
        78          0          0          0          0        108   _printf_pad.o
         0          0          0          0          0          0   _printf_percent.o
         4          0          0          0          0          0   _printf_percent_end.o
         6          0          0          0          0          0   _printf_s.o
        82          0          0          0          0         80   _printf_str.o
        22          0          0          0          0        100   _rserrno.o
        16          0          0          0          0         68   aeabi_memset.o
        18          0          0          0          0         80   exit.o
         8          0          0          0          0         68   ferror.o
         6          0          0          0          0        152   heapauxi.o
         2          0          0          0          0          0   libinit.o
         2          0          0          0          0          0   libinit2.o
         2          0          0          0          0          0   libshutdown.o
         2          0          0          0          0          0   libshutdown2.o
         8          4          0          0         96         68   libspace.o
        24          4          0          0          0         84   noretval__2printf.o
         8          4          0          0          0         68   rt_errno_addr_intlibspace.o
        68          0          0          0          0         68   rt_memclr.o
        78          0          0          0          0         80   rt_memclr_w.o
       138          0          0          0          0         68   rt_memcpy_v6.o
       100          0          0          0          0         80   rt_memcpy_w.o
         2          0          0          0          0          0   rtexit.o
        10          0          0          0          0          0   rtexit2.o
        74          0          0          0          0         80   sys_stackheap_outer.o
         2          0          0          0          0         68   use_no_semi.o
         2          0          0          0          0         68   use_no_semi_2.o
        98          4          0          0          0         92   d2f.o
       826         16          0          0          0        348   daddsub_clz.o
        16          4          0          0          0         68   dcheck1.o
       688        140          0          0          0        208   ddiv.o
        94          4          0          0          0         92   dfix.o
        84          0          0          0          0        136   dflt_clz.o
       340         12          0          0          0        104   dmul.o
       156          4          0          0          0         92   dnaninf.o
        12          0          0          0          0         68   dretinf.o
       460         56          0          0          0        120   dsqrt_noumaal.o
        86          4          0          0          0         84   f2d.o
       430          8          0          0          0        168   faddsub_clz.o
       388         76          0          0          0         96   fdiv.o
        62          4          0          0          0         84   ffixu.o
        48          0          0          0          0         68   fflt_clz.o
       258          4          0          0          0         84   fmul.o
       140          4          0          0          0         84   fnaninf.o
        10          0          0          0          0         68   fretinf.o
       100          0          0          0          0         68   retnan.o
        92          0          0          0          0         68   scalbn.o
        48          0          0          0          0         68   trapv.o
         0          0          0          0          0          0   usenofp.o
       252         22         48          0          0        124   cos_i.o
        34          6          0          0          0        204   dunder.o
        40          0          0          0          0         68   fpclassify.o
       170          0          0          0          0         96   poly.o
       904         76        200          0          0        140   rred.o
       160         10          0          0          0        108   sin.o
       236         12         40          0          0        128   sin_i.o
        76          0          0          0          0         84   sqrt.o

    ----------------------------------------------------------------------
      7940        512        288          0         96       5296   Library Totals
        22          0          0          0          0          0   (incl. Padding)

    ----------------------------------------------------------------------

      Code (inc. data)   RO Data    RW Data    ZI Data      Debug   Library Name

      1610         46          0          0         96       2076   c_w.l
      4436        340          0          0          0       2268   fz_ws.l
      1872        126        288          0          0        952   m_ws.l

    ----------------------------------------------------------------------
      7940        512        288          0         96       5296   Library Totals

    ----------------------------------------------------------------------

==============================================================================


      Code (inc. data)   RO Data    RW Data    ZI Data      Debug   

     24072       4004        624        228      25460     399616   Grand Totals
     24072       4004        624        228      25460     399616   ELF Image Totals
     24072       4004        624        228          0          0   ROM Totals

==============================================================================

    Total RO  Size (Code + RO Data)                24696 (  24.12kB)
    Total RW  Size (RW Data + ZI Data)             25688 (  25.09kB)
    Total ROM Size (Code + RO Data + RW Data)      24924 (  24.34kB)

==============================================================================

